Archive member included to satisfy reference by file (symbol)

/usr/lib/gcc/arm-none-eabi/14.2.0/thumb/v6-m/nofp/libgcc.a(_dvmd_tls.o)
                              CMakeFiles/eeprom_reset.dir/home/bowman/pico/pico-sdk/src/rp2_common/pico_divider/divider_hardware.S.o (__aeabi_idiv0)
/usr/lib/gcc/arm-none-eabi/14.2.0/../../../../arm-none-eabi/lib/thumb/v6-m/nofp/libg.a(libc_a-atexit.o)
                              /usr/lib/gcc/arm-none-eabi/14.2.0/../../../../arm-none-eabi/lib/thumb/v6-m/nofp/crt0.o (atexit)
/usr/lib/gcc/arm-none-eabi/14.2.0/../../../../arm-none-eabi/lib/thumb/v6-m/nofp/libg.a(libc_a-calloc.o)
                              CMakeFiles/eeprom_reset.dir/home/bowman/pico/pico-sdk/src/rp2_common/pico_malloc/malloc.c.o (calloc)
/usr/lib/gcc/arm-none-eabi/14.2.0/../../../../arm-none-eabi/lib/thumb/v6-m/nofp/libg.a(libc_a-callocr.o)
                              /usr/lib/gcc/arm-none-eabi/14.2.0/../../../../arm-none-eabi/lib/thumb/v6-m/nofp/libg.a(libc_a-calloc.o) (_calloc_r)
/usr/lib/gcc/arm-none-eabi/14.2.0/../../../../arm-none-eabi/lib/thumb/v6-m/nofp/libg.a(libc_a-malloc.o)
                              CMakeFiles/eeprom_reset.dir/home/bowman/pico/pico-sdk/src/rp2_common/pico_malloc/malloc.c.o (malloc)
/usr/lib/gcc/arm-none-eabi/14.2.0/../../../../arm-none-eabi/lib/thumb/v6-m/nofp/libg.a(libc_a-mallocr.o)
                              /usr/lib/gcc/arm-none-eabi/14.2.0/../../../../arm-none-eabi/lib/thumb/v6-m/nofp/libg.a(libc_a-callocr.o) (_malloc_r)
/usr/lib/gcc/arm-none-eabi/14.2.0/../../../../arm-none-eabi/lib/thumb/v6-m/nofp/libg.a(libc_a-mlock.o)
                              /usr/lib/gcc/arm-none-eabi/14.2.0/../../../../arm-none-eabi/lib/thumb/v6-m/nofp/libg.a(libc_a-mallocr.o) (__malloc_lock)
/usr/lib/gcc/arm-none-eabi/14.2.0/../../../../arm-none-eabi/lib/thumb/v6-m/nofp/libg.a(libc_a-realloc.o)
                              CMakeFiles/eeprom_reset.dir/home/bowman/pico/pico-sdk/src/rp2_common/pico_malloc/malloc.c.o (realloc)
/usr/lib/gcc/arm-none-eabi/14.2.0/../../../../arm-none-eabi/lib/thumb/v6-m/nofp/libg.a(libc_a-reallocr.o)
                              /usr/lib/gcc/arm-none-eabi/14.2.0/../../../../arm-none-eabi/lib/thumb/v6-m/nofp/libg.a(libc_a-realloc.o) (_realloc_r)
/usr/lib/gcc/arm-none-eabi/14.2.0/../../../../arm-none-eabi/lib/thumb/v6-m/nofp/libg.a(libc_a-memcmp.o)
                              CMakeFiles/eeprom_reset.dir/home/bowman/pico/pico-sdk/src/rp2_common/pico_atomic/atomic.c.o (memcmp)
/usr/lib/gcc/arm-none-eabi/14.2.0/../../../../arm-none-eabi/lib/thumb/v6-m/nofp/libg.a(libc_a-memmove.o)
                              /usr/lib/gcc/arm-none-eabi/14.2.0/../../../../arm-none-eabi/lib/thumb/v6-m/nofp/libg.a(libc_a-reallocr.o) (memmove)
/usr/lib/gcc/arm-none-eabi/14.2.0/../../../../arm-none-eabi/lib/thumb/v6-m/nofp/libg.a(libc_a-lcltime_r.o)
                              CMakeFiles/eeprom_reset.dir/home/bowman/pico/pico-sdk/src/common/pico_util/datetime.c.o (localtime_r)
/usr/lib/gcc/arm-none-eabi/14.2.0/../../../../arm-none-eabi/lib/thumb/v6-m/nofp/libg.a(libc_a-mktime.o)
                              CMakeFiles/eeprom_reset.dir/home/bowman/pico/pico-sdk/src/common/pico_util/datetime.c.o (mktime)
/usr/lib/gcc/arm-none-eabi/14.2.0/../../../../arm-none-eabi/lib/thumb/v6-m/nofp/libg.a(libc_a-month_lengths.o)
                              /usr/lib/gcc/arm-none-eabi/14.2.0/../../../../arm-none-eabi/lib/thumb/v6-m/nofp/libg.a(libc_a-lcltime_r.o) (__month_lengths)
/usr/lib/gcc/arm-none-eabi/14.2.0/../../../../arm-none-eabi/lib/thumb/v6-m/nofp/libg.a(libc_a-tzcalc_limits.o)
                              /usr/lib/gcc/arm-none-eabi/14.2.0/../../../../arm-none-eabi/lib/thumb/v6-m/nofp/libg.a(libc_a-lcltime_r.o) (__tzcalc_limits)
/usr/lib/gcc/arm-none-eabi/14.2.0/../../../../arm-none-eabi/lib/thumb/v6-m/nofp/libg.a(libc_a-tzlock.o)
                              /usr/lib/gcc/arm-none-eabi/14.2.0/../../../../arm-none-eabi/lib/thumb/v6-m/nofp/libg.a(libc_a-lcltime_r.o) (__tz_lock)
/usr/lib/gcc/arm-none-eabi/14.2.0/../../../../arm-none-eabi/lib/thumb/v6-m/nofp/libg.a(libc_a-tzset.o)
                              /usr/lib/gcc/arm-none-eabi/14.2.0/../../../../arm-none-eabi/lib/thumb/v6-m/nofp/libg.a(libc_a-lcltime_r.o) (_tzset_unlocked)
/usr/lib/gcc/arm-none-eabi/14.2.0/../../../../arm-none-eabi/lib/thumb/v6-m/nofp/libg.a(libc_a-tzset_r.o)
                              /usr/lib/gcc/arm-none-eabi/14.2.0/../../../../arm-none-eabi/lib/thumb/v6-m/nofp/libg.a(libc_a-tzset.o) (_tzset_unlocked_r)
/usr/lib/gcc/arm-none-eabi/14.2.0/../../../../arm-none-eabi/lib/thumb/v6-m/nofp/libg.a(libc_a-tzvars.o)
                              /usr/lib/gcc/arm-none-eabi/14.2.0/../../../../arm-none-eabi/lib/thumb/v6-m/nofp/libg.a(libc_a-tzset_r.o) (_timezone)
/usr/lib/gcc/arm-none-eabi/14.2.0/../../../../arm-none-eabi/lib/thumb/v6-m/nofp/libg.a(libc_a-impure.o)
                              /usr/lib/gcc/arm-none-eabi/14.2.0/../../../../arm-none-eabi/lib/thumb/v6-m/nofp/libg.a(libc_a-calloc.o) (_impure_ptr)
[...]
Memory Configuration

Name             Origin             Length             Attributes
FLASH            0x10000000         0x00200000         xr
RAM              0x20000000         0x00040000         xrw
SCRATCH_X        0x20040000         0x00001000         xrw
SCRATCH_Y        0x20041000         0x00001000         xrw
*default*        0x00000000         0xffffffff

Linker script and memory map

LOAD /usr/lib/gcc/arm-none-eabi/14.2.0/thumb/v6-m/nofp/crti.o
LOAD /usr/lib/gcc/arm-none-eabi/14.2.0/thumb/v6-m/nofp/crtbegin.o
LOAD /usr/lib/gcc/arm-none-eabi/14.2.0/../../../../arm-none-eabi/lib/thumb/v6-m/nofp/crt0.o

.flash_begin    0x10000000        0x0
                0x10000000                        __flash_binary_start = .

.boot2          0x10000000      0x100
                0x10000000                        __boot2_start__ = .
 *(.boot2)
 .boot2         0x10000000      0x100 pico-sdk/src/rp2040/boot_stage2/CMakeFiles/bs2_default_library.dir/bs2_default_padded_checksummed.S.o
                0x10000100                        __boot2_end__ = .
                0x00000001                        ASSERT (((__boot2_end__ - __boot2_start__) == 0x100), ERROR: Pico second stage bootloader must be 256 bytes in size)

.text           0x10000100     0x48b0
                0x10000100                        __logical_binary_start = .
 *(.vectors)
 .vectors       0x10000100       0xd4 CMakeFiles/eeprom_reset.dir/home/bowman/pico/pico-sdk/src/rp2_common/pico_crt0/crt0.S.o
                0x10000100                __vectors
                0x10000100                __VECTOR_TABLE
                0x100001c0                isr_irq30
                0x100001c0                __unhandled_user_irq
                0x100001c0                isr_irq13
                0x100001c0                isr_irq27
                0x100001c0                isr_irq31
                0x100001c0                isr_irq5
                0x100001c0                isr_irq11
                0x100001c0                isr_irq23
                0x100001c0                isr_irq18
                0x100001c0                isr_irq28
                0x100001c0                isr_irq19
                0x100001c0                isr_irq0
                0x100001c0                isr_irq6
                0x100001c0                isr_irq22
                0x100001c0                isr_irq17
                0x100001c0                isr_irq14
                0x100001c0                __vectors_end
                0x100001c0                __default_isrs_start
                0x100001c0                isr_irq2
                0x100001c0                isr_irq10
                0x100001c0                isr_irq8
                0x100001c0                isr_irq24
                0x100001c0                isr_irq1
                0x100001c0                isr_irq7
                0x100001c0                isr_irq21
                0x100001c0                isr_irq20
                0x100001c0                isr_irq15
                0x100001c0                isr_irq25
                0x100001c0                isr_irq4
                0x100001c0                isr_irq16
                0x100001c0                isr_irq29
                0x100001c0                isr_irq26
                0x100001c0                isr_irq3
                0x100001c0                isr_irq12
                0x100001c0                isr_irq9
                0x100001c6                unhandled_user_irq_num_in_r0
                0x100001c8                isr_invalid
                0x100001ca                isr_nmi
                0x100001cc                isr_hardfault
                0x100001ce                isr_svcall
                0x100001d0                isr_pendsv
                0x100001d2                isr_systick
                0x100001d4                __default_isrs_end
 *(.binary_info_header)
 .binary_info_header
                0x100001d4       0x14 CMakeFiles/eeprom_reset.dir/home/bowman/pico/pico-sdk/src/rp2_common/pico_crt0/crt0.S.o
                0x100001e8                        __binary_info_header_end = .
 *(.embedded_block)
                0x100001e8                        __embedded_block_end = .
 *(.reset)
 .reset         0x100001e8       0x9c CMakeFiles/eeprom_reset.dir/home/bowman/pico/pico-sdk/src/rp2_common/pico_crt0/crt0.S.o
                0x100001e8                _entry_point
 *(.init)
 .init          0x10000284        0x4 /usr/lib/gcc/arm-none-eabi/14.2.0/thumb/v6-m/nofp/crti.o
                0x10000284                _init
 *(EXCLUDE_FILE(*libm.a: *libc.a:*lib_a-mem*.o *libgcc.a:) .text*)
 .text.frame_dummy
                0x10000288       0x20 /usr/lib/gcc/arm-none-eabi/14.2.0/thumb/v6-m/nofp/crtbegin.o
 .text.startup.main
                0x100002a8       0x94 CMakeFiles/eeprom_reset.dir/home/bowman/pico/dev/cv-pico-seq/eeprom_reset.cpp.o
                0x100002a8                main
 .text.gpio_set_function
                0x1000033c       0x34 CMakeFiles/eeprom_reset.dir/home/bowman/pico/pico-sdk/src/rp2_common/hardware_gpio/gpio.c.o
                0x1000033c                gpio_set_function
 .text.gpio_set_pulls
                0x10000370       0x28 CMakeFiles/eeprom_reset.dir/home/bowman/pico/pico-sdk/src/rp2_common/hardware_gpio/gpio.c.o
                0x10000370                gpio_set_pulls
 .text.gpio_init
                0x10000398       0x40 CMakeFiles/eeprom_reset.dir/home/bowman/pico/pico-sdk/src/rp2_common/hardware_gpio/gpio.c.o
                0x10000398                gpio_init
 .text.rp2040_chip_version
                0x100003d8        0xc CMakeFiles/eeprom_reset.dir/home/bowman/pico/pico-sdk/src/rp2040/pico_platform/platform.c.o
                0x100003d8                rp2040_chip_version
 .text.panic    0x100003e4       0x30 CMakeFiles/eeprom_reset.dir/home/bowman/pico/pico-sdk/src/rp2_common/pico_platform_panic/panic.c.o
                0x100003e4                panic
 .text.hw_claim_or_assert
                0x10000414       0x44 CMakeFiles/eeprom_reset.dir/home/bowman/pico/pico-sdk/src/common/hardware_claim/claim.c.o
                0x10000414                hw_claim_or_assert
 .text.hw_claim_unused_from_range
                0x10000458       0x88 CMakeFiles/eeprom_reset.dir/home/bowman/pico/pico-sdk/src/common/hardware_claim/claim.c.o
                0x10000458                hw_claim_unused_from_range
 .text.next_striped_spin_lock_num
                0x100004e0       0x18 CMakeFiles/eeprom_reset.dir/home/bowman/pico/pico-sdk/src/rp2_common/hardware_sync/sync.c.o
                0x100004e0                next_striped_spin_lock_num
 .text.spin_lock_claim_unused
                0x100004f8       0x24 CMakeFiles/eeprom_reset.dir/home/bowman/pico/pico-sdk/src/rp2_common/hardware_sync/sync.c.o
                0x100004f8                spin_lock_claim_unused
 .text.spin_locks_reset
                0x1000051c       0x1c CMakeFiles/eeprom_reset.dir/home/bowman/pico/pico-sdk/src/rp2_common/hardware_sync_spin_lock/sync_spin_lock.c.o
                0x1000051c                spin_locks_reset
 .text.runtime_init_per_core_irq_priorities
                0x10000538       0x24 CMakeFiles/eeprom_reset.dir/home/bowman/pico/pico-sdk/src/rp2_common/hardware_irq/irq.c.o
                0x10000538                runtime_init_per_core_irq_priorities
 .text.irq_set_enabled
                0x1000055c       0x24 CMakeFiles/eeprom_reset.dir/home/bowman/pico/pico-sdk/src/rp2_common/hardware_irq/irq.c.o
                0x1000055c                irq_set_enabled
 .text.irq_is_enabled
                0x10000580       0x18 CMakeFiles/eeprom_reset.dir/home/bowman/pico/pico-sdk/src/rp2_common/hardware_irq/irq.c.o
                0x10000580                irq_is_enabled
 .text.irq_set_pending
                0x10000598       0x10 CMakeFiles/eeprom_reset.dir/home/bowman/pico/pico-sdk/src/rp2_common/hardware_irq/irq.c.o
                0x10000598                irq_set_pending
 .text.irq_has_shared_handler
                0x100005a8       0x24 CMakeFiles/eeprom_reset.dir/home/bowman/pico/pico-sdk/src/rp2_common/hardware_irq/irq.c.o
                0x100005a8                irq_has_shared_handler
 .text.irq_set_exclusive_handler
                0x100005cc       0x54 CMakeFiles/eeprom_reset.dir/home/bowman/pico/pico-sdk/src/rp2_common/hardware_irq/irq.c.o
                0x100005cc                irq_set_exclusive_handler
 .text.irq_add_shared_handler
                0x10000620      0x1f4 CMakeFiles/eeprom_reset.dir/home/bowman/pico/pico-sdk/src/rp2_common/hardware_irq/irq.c.o
                0x10000620                irq_add_shared_handler
 .text.irq_add_tail_to_free_list
                0x10000814       0xb4 CMakeFiles/eeprom_reset.dir/home/bowman/pico/pico-sdk/src/rp2_common/hardware_irq/irq.c.o
                0x10000814                irq_add_tail_to_free_list
 .text.user_irq_claim_unused
                0x100008c8       0x2c CMakeFiles/eeprom_reset.dir/home/bowman/pico/pico-sdk/src/rp2_common/hardware_irq/irq.c.o
                0x100008c8                user_irq_claim_unused
 .text.lock_init
                0x100008f4       0x10 CMakeFiles/eeprom_reset.dir/home/bowman/pico/pico-sdk/src/common/pico_sync/lock_core.c.o
                0x100008f4                lock_init
 .text.runtime_init_mutex
                0x10000904       0x50 CMakeFiles/eeprom_reset.dir/home/bowman/pico/pico-sdk/src/common/pico_sync/mutex.c.o
                0x10000904                runtime_init_mutex
 .text.mutex_init
                0x10000954       0x1c CMakeFiles/eeprom_reset.dir/home/bowman/pico/pico-sdk/src/common/pico_sync/mutex.c.o
                0x10000954                mutex_init
 .text.critical_section_init
                0x10000970       0x1c CMakeFiles/eeprom_reset.dir/home/bowman/pico/pico-sdk/src/common/pico_sync/critical_section.c.o
                0x10000970                critical_section_init
 .text.critical_section_init_with_lock_num
                0x1000098c       0x14 CMakeFiles/eeprom_reset.dir/home/bowman/pico/pico-sdk/src/common/pico_sync/critical_section.c.o
                0x1000098c                critical_section_init_with_lock_num
 .text.sleep_until_callback
                0x100009a0       0x30 CMakeFiles/eeprom_reset.dir/home/bowman/pico/pico-sdk/src/common/pico_time/time.c.o
 .text.alarm_pool_irq_handler
                0x100009d0      0x300 CMakeFiles/eeprom_reset.dir/home/bowman/pico/pico-sdk/src/common/pico_time/time.c.o
 .text.runtime_init_default_alarm_pool
                0x10000cd0       0xdc CMakeFiles/eeprom_reset.dir/home/bowman/pico/pico-sdk/src/common/pico_time/time.c.o
                0x10000cd0                runtime_init_default_alarm_pool
 .text.alarm_pool_get_default
                0x10000dac        0x8 CMakeFiles/eeprom_reset.dir/home/bowman/pico/pico-sdk/src/common/pico_time/time.c.o
                0x10000dac                alarm_pool_get_default
 .text.alarm_pool_add_alarm_at
                0x10000db4       0xd0 CMakeFiles/eeprom_reset.dir/home/bowman/pico/pico-sdk/src/common/pico_time/time.c.o
                0x10000db4                alarm_pool_add_alarm_at
 .text.alarm_pool_add_alarm_at_force_in_context
                0x10000e84       0xb0 CMakeFiles/eeprom_reset.dir/home/bowman/pico/pico-sdk/src/common/pico_time/time.c.o
                0x10000e84                alarm_pool_add_alarm_at_force_in_context
 .text.alarm_pool_cancel_alarm
                0x10000f34       0x74 CMakeFiles/eeprom_reset.dir/home/bowman/pico/pico-sdk/src/common/pico_time/time.c.o
                0x10000f34                alarm_pool_cancel_alarm
 .text.alarm_pool_core_num
                0x10000fa8        0x4 CMakeFiles/eeprom_reset.dir/home/bowman/pico/pico-sdk/src/common/pico_time/time.c.o
                0x10000fa8                alarm_pool_core_num
 .text.sleep_ms
                0x10000fac       0xfc CMakeFiles/eeprom_reset.dir/home/bowman/pico/pico-sdk/src/common/pico_time/time.c.o
                0x10000fac                sleep_ms
 .text.best_effort_wfe_or_timeout
                0x100010a8      0x10c CMakeFiles/eeprom_reset.dir/home/bowman/pico/pico-sdk/src/common/pico_time/time.c.o
                0x100010a8                best_effort_wfe_or_timeout
 .text.timer_hardware_alarm_claim
                0x100011b4       0x14 CMakeFiles/eeprom_reset.dir/home/bowman/pico/pico-sdk/src/rp2_common/hardware_timer/timer.c.o
                0x100011b4                timer_hardware_alarm_claim
 .text.timer_time_us_64
                0x100011c8       0x10 CMakeFiles/eeprom_reset.dir/home/bowman/pico/pico-sdk/src/rp2_common/hardware_timer/timer.c.o
                0x100011c8                timer_time_us_64
 .text.time_us_64
                0x100011d8       0x14 CMakeFiles/eeprom_reset.dir/home/bowman/pico/pico-sdk/src/rp2_common/hardware_timer/timer.c.o
                0x100011d8                time_us_64
 .text.busy_wait_until
                0x100011ec       0x20 CMakeFiles/eeprom_reset.dir/home/bowman/pico/pico-sdk/src/rp2_common/hardware_timer/timer.c.o
                0x100011ec                busy_wait_until
 .text.clock_configure_int_divider
                0x1000120c       0xf4 CMakeFiles/eeprom_reset.dir/home/bowman/pico/pico-sdk/src/rp2_common/hardware_clocks/clocks.c.o
                0x1000120c                clock_configure_int_divider
 .text.clock_configure_undivided
                0x10001300       0xe8 CMakeFiles/eeprom_reset.dir/home/bowman/pico/pico-sdk/src/rp2_common/hardware_clocks/clocks.c.o
                0x10001300                clock_configure_undivided
 .text.clock_get_hz
                0x100013e8        0xc CMakeFiles/eeprom_reset.dir/home/bowman/pico/pico-sdk/src/rp2_common/hardware_clocks/clocks.c.o
                0x100013e8                clock_get_hz
 .text.pll_init
                0x100013f4       0xa4 CMakeFiles/eeprom_reset.dir/home/bowman/pico/pico-sdk/src/rp2_common/hardware_pll/pll.c.o
                0x100013f4                pll_init
 .text.watchdog_reboot
                0x10001498       0x9c CMakeFiles/eeprom_reset.dir/home/bowman/pico/pico-sdk/src/rp2_common/hardware_watchdog/watchdog.c.o
                0x10001498                watchdog_reboot
 .text.tick_start
                0x10001534       0x10 CMakeFiles/eeprom_reset.dir/home/bowman/pico/pico-sdk/src/rp2_common/hardware_ticks/ticks.c.o
                0x10001534                tick_start
 .text.rom_func_lookup
                0x10001544       0x10 CMakeFiles/eeprom_reset.dir/home/bowman/pico/pico-sdk/src/rp2_common/pico_bootrom/bootrom.c.o
                0x10001544                rom_func_lookup
 .text.rom_data_lookup
                0x10001554       0x10 CMakeFiles/eeprom_reset.dir/home/bowman/pico/pico-sdk/src/rp2_common/pico_bootrom/bootrom.c.o
                0x10001554                rom_data_lookup
 .text.rom_funcs_lookup
                0x10001564       0x44 CMakeFiles/eeprom_reset.dir/home/bowman/pico/pico-sdk/src/rp2_common/pico_bootrom/bootrom.c.o
                0x10001564                rom_funcs_lookup
 .text.rom_reset_usb_boot_extra
                0x100015a8       0x24 CMakeFiles/eeprom_reset.dir/home/bowman/pico/pico-sdk/src/rp2_common/pico_bootrom/bootrom.c.o
                0x100015a8                rom_reset_usb_boot_extra
 .text.xosc_init
                0x100015cc       0x28 CMakeFiles/eeprom_reset.dir/home/bowman/pico/pico-sdk/src/rp2_common/hardware_xosc/xosc.c.o
                0x100015cc                xosc_init
 .text.first_per_core_initializer
                0x100015f4        0x4 CMakeFiles/eeprom_reset.dir/home/bowman/pico/pico-sdk/src/rp2_common/pico_runtime/runtime.c.o
 .text.hard_assertion_failure
                0x100015f8        0xc CMakeFiles/eeprom_reset.dir/home/bowman/pico/pico-sdk/src/rp2_common/pico_runtime/runtime.c.o
                0x100015f8                hard_assertion_failure
 .text.runtime_run_initializers
                0x10001604       0x28 CMakeFiles/eeprom_reset.dir/home/bowman/pico/pico-sdk/src/rp2_common/pico_runtime/runtime.c.o
                0x10001604                runtime_run_initializers
 .text.runtime_init_early_resets
                0x1000162c       0x2c CMakeFiles/eeprom_reset.dir/home/bowman/pico/pico-sdk/src/rp2_common/pico_runtime_init/runtime_init.c.o
                0x1000162c                runtime_init_early_resets
 .text.runtime_init_usb_power_down
                0x10001658       0x1c CMakeFiles/eeprom_reset.dir/home/bowman/pico/pico-sdk/src/rp2_common/pico_runtime_init/runtime_init.c.o
                0x10001658                runtime_init_usb_power_down
 .text.runtime_init_post_clock_resets
                0x10001674       0x20 CMakeFiles/eeprom_reset.dir/home/bowman/pico/pico-sdk/src/rp2_common/pico_runtime_init/runtime_init.c.o
                0x10001674                runtime_init_post_clock_resets
 .text.runtime_init_rp2040_gpio_ie_disable
                0x10001694       0x14 CMakeFiles/eeprom_reset.dir/home/bowman/pico/pico-sdk/src/rp2_common/pico_runtime_init/runtime_init.c.o
                0x10001694                runtime_init_rp2040_gpio_ie_disable
 .text.runtime_init_spin_locks_reset
                0x100016a8        0x8 CMakeFiles/eeprom_reset.dir/home/bowman/pico/pico-sdk/src/rp2_common/pico_runtime_init/runtime_init.c.o
                0x100016a8                runtime_init_spin_locks_reset
 .text.runtime_init_install_ram_vector_table
                0x100016b0       0xb4 CMakeFiles/eeprom_reset.dir/home/bowman/pico/pico-sdk/src/rp2_common/pico_runtime_init/runtime_init.c.o
                0x100016b0                runtime_init_install_ram_vector_table
 .text.runtime_init_clocks
                0x10001764       0xd8 CMakeFiles/eeprom_reset.dir/home/bowman/pico/pico-sdk/src/rp2_common/pico_runtime_init/runtime_init_clocks.c.o
                0x10001764                runtime_init_clocks
 .text          0x1000183c       0x10 CMakeFiles/eeprom_reset.dir/home/bowman/pico/pico-sdk/src/rp2_common/pico_bit_ops/bit_ops_aeabi.S.o
 .text.__wrap___aeabi_uidiv
                0x1000184c       0x4c CMakeFiles/eeprom_reset.dir/home/bowman/pico/pico-sdk/src/rp2_common/pico_divider/divider_hardware.S.o
                0x1000184c                __wrap___aeabi_uidiv
                0x1000184c                __wrap___aeabi_uidivmod
                0x1000184c                div_u32u32
                0x1000184c                divmod_u32u32
                0x10001854                divmod_u32u32_unsafe
                0x1000187c                divmod_u32u32_savestate
 .text.__aeabi_double_init
                0x10001898       0xa4 CMakeFiles/eeprom_reset.dir/home/bowman/pico/pico-sdk/src/rp2_common/pico_double/double_init_rom_rp2040.c.o
                0x10001898                __aeabi_double_init
 .text.double_table_shim_on_use_helper
                0x1000193c       0x2c CMakeFiles/eeprom_reset.dir/home/bowman/pico/pico-sdk/src/rp2_common/pico_double/double_v1_rom_shim_rp2040.S.o
                0x1000193c                double_table_shim_on_use_helper
 .text.__aeabi_lmul
                0x10001968       0x32 CMakeFiles/eeprom_reset.dir/home/bowman/pico/pico-sdk/src/rp2_common/pico_int64_ops/pico_int64_ops_aeabi.S.o
                0x10001968                __wrap___aeabi_lmul
 *fill*         0x1000199a        0x2 
 .text.__aeabi_float_init
                0x1000199c       0x64 CMakeFiles/eeprom_reset.dir/home/bowman/pico/pico-sdk/src/rp2_common/pico_float/float_init_rom_rp2040.c.o
                0x1000199c                __aeabi_float_init
 .text.float_table_shim_on_use_helper
                0x10001a00       0x2c CMakeFiles/eeprom_reset.dir/home/bowman/pico/pico-sdk/src/rp2_common/pico_float/float_v1_rom_shim_rp2040.S.o
                0x10001a00                float_table_shim_on_use_helper
 .text          0x10001a2c       0x10 CMakeFiles/eeprom_reset.dir/home/bowman/pico/pico-sdk/src/rp2_common/pico_mem_ops/mem_ops_aeabi.S.o
                0x10001a2c                __aeabi_mem_init
 .text.memset   0x10001a3c        0xc CMakeFiles/eeprom_reset.dir/home/bowman/pico/pico-sdk/src/rp2_common/pico_mem_ops/mem_ops_aeabi.S.o
                0x10001a3c                __wrap_memset
 .text.memcpy   0x10001a48        0xc CMakeFiles/eeprom_reset.dir/home/bowman/pico/pico-sdk/src/rp2_common/pico_mem_ops/mem_ops_aeabi.S.o
                0x10001a48                __wrap___aeabi_memcpy
                0x10001a48                __wrap_memcpy
 .text._out_char
                0x10001a54       0x10 CMakeFiles/eeprom_reset.dir/home/bowman/pico/pico-sdk/src/rp2_common/pico_printf/printf.c.o
 .text.weak_raw_vprintf
                0x10001a64       0x30 CMakeFiles/eeprom_reset.dir/home/bowman/pico/pico-sdk/src/rp2_common/pico_printf/printf.c.o
                0x10001a64                weak_raw_vprintf
 .text._exit    0x10001a94        0x4 CMakeFiles/eeprom_reset.dir/home/bowman/pico/pico-sdk/src/rp2_common/pico_clib_interface/newlib_interface.c.o
                0x10001a94                _exit
 .text.exit     0x10001a98        0x8 CMakeFiles/eeprom_reset.dir/home/bowman/pico/pico-sdk/src/rp2_common/pico_clib_interface/newlib_interface.c.o
                0x10001a98                exit
 .text.runtime_init
                0x10001aa0       0x2c CMakeFiles/eeprom_reset.dir/home/bowman/pico/pico-sdk/src/rp2_common/pico_clib_interface/newlib_interface.c.o
                0x10001aa0                runtime_init
 .text.stdio_out_chars_no_crlf
                0x10001acc       0x10 CMakeFiles/eeprom_reset.dir/home/bowman/pico/pico-sdk/src/rp2_common/pico_stdio/stdio.c.o
 .text.stdio_out_chars_crlf
                0x10001adc       0xb0 CMakeFiles/eeprom_reset.dir/home/bowman/pico/pico-sdk/src/rp2_common/pico_stdio/stdio.c.o
 .text.stdio_put_string
                0x10001b8c       0xfc CMakeFiles/eeprom_reset.dir/home/bowman/pico/pico-sdk/src/rp2_common/pico_stdio/stdio.c.o
                0x10001b8c                stdio_put_string
 .text.stdio_set_driver_enabled
                0x10001c88       0x30 CMakeFiles/eeprom_reset.dir/home/bowman/pico/pico-sdk/src/rp2_common/pico_stdio/stdio.c.o
                0x10001c88                stdio_set_driver_enabled
 .text.stdio_init_all
                0x10001cb8        0x8 CMakeFiles/eeprom_reset.dir/home/bowman/pico/pico-sdk/src/rp2_common/pico_stdio/stdio.c.o
                0x10001cb8                stdio_init_all
 .text.__wrap_putchar
                0x10001cc0       0x94 CMakeFiles/eeprom_reset.dir/home/bowman/pico/pico-sdk/src/rp2_common/pico_stdio/stdio.c.o
                0x10001cc0                stdio_putchar
                0x10001cc0                __wrap_putchar
 .text.__wrap_puts
                0x10001d54       0x3c CMakeFiles/eeprom_reset.dir/home/bowman/pico/pico-sdk/src/rp2_common/pico_stdio/stdio.c.o
                0x10001d54                __wrap_puts
                0x10001d54                stdio_puts
 .text.resetd_init
                0x10001d90        0x4 CMakeFiles/eeprom_reset.dir/home/bowman/pico/pico-sdk/src/rp2_common/pico_stdio_usb/reset_interface.c.o
 .text.resetd_reset
                0x10001d94        0xc CMakeFiles/eeprom_reset.dir/home/bowman/pico/pico-sdk/src/rp2_common/pico_stdio_usb/reset_interface.c.o
 .text.resetd_open
                0x10001da0       0x28 CMakeFiles/eeprom_reset.dir/home/bowman/pico/pico-sdk/src/rp2_common/pico_stdio_usb/reset_interface.c.o
 .text.resetd_xfer_cb
                0x10001dc8        0x4 CMakeFiles/eeprom_reset.dir/home/bowman/pico/pico-sdk/src/rp2_common/pico_stdio_usb/reset_interface.c.o
 .text.resetd_control_xfer_cb
                0x10001dcc       0x54 CMakeFiles/eeprom_reset.dir/home/bowman/pico/pico-sdk/src/rp2_common/pico_stdio_usb/reset_interface.c.o
 .text.tud_descriptor_bos_cb
                0x10001e20        0x8 CMakeFiles/eeprom_reset.dir/home/bowman/pico/pico-sdk/src/rp2_common/pico_stdio_usb/reset_interface.c.o
                0x10001e20                tud_descriptor_bos_cb
 .text.tud_vendor_control_xfer_cb
                0x10001e28       0x34 CMakeFiles/eeprom_reset.dir/home/bowman/pico/pico-sdk/src/rp2_common/pico_stdio_usb/reset_interface.c.o
                0x10001e28                tud_vendor_control_xfer_cb
 .text.usbd_app_driver_get_cb
                0x10001e5c        0xc CMakeFiles/eeprom_reset.dir/home/bowman/pico/pico-sdk/src/rp2_common/pico_stdio_usb/reset_interface.c.o
                0x10001e5c                usbd_app_driver_get_cb
 .text.tud_cdc_line_coding_cb
                0x10001e68       0x2c CMakeFiles/eeprom_reset.dir/home/bowman/pico/pico-sdk/src/rp2_common/pico_stdio_usb/reset_interface.c.o
                0x10001e68                tud_cdc_line_coding_cb
 .text.stdio_usb_set_chars_available_callback
                0x10001e94       0x14 CMakeFiles/eeprom_reset.dir/home/bowman/pico/pico-sdk/src/rp2_common/pico_stdio_usb/stdio_usb.c.o
                0x10001e94                stdio_usb_set_chars_available_callback
 .text.usb_irq  0x10001ea8       0x10 CMakeFiles/eeprom_reset.dir/home/bowman/pico/pico-sdk/src/rp2_common/pico_stdio_usb/stdio_usb.c.o
 .text.timer_task
                0x10001eb8       0x64 CMakeFiles/eeprom_reset.dir/home/bowman/pico/pico-sdk/src/rp2_common/pico_stdio_usb/stdio_usb.c.o
 .text.stdio_usb_in_chars
                0x10001f1c       0x8c CMakeFiles/eeprom_reset.dir/home/bowman/pico/pico-sdk/src/rp2_common/pico_stdio_usb/stdio_usb.c.o
                0x10001f1c                stdio_usb_in_chars
 .text.stdio_usb_out_flush
                0x10001fa8       0x4c CMakeFiles/eeprom_reset.dir/home/bowman/pico/pico-sdk/src/rp2_common/pico_stdio_usb/stdio_usb.c.o
 .text.stdio_usb_out_chars
                0x10001ff4      0x100 CMakeFiles/eeprom_reset.dir/home/bowman/pico/pico-sdk/src/rp2_common/pico_stdio_usb/stdio_usb.c.o
 .text.low_priority_worker_irq
                0x100020f4       0xc8 CMakeFiles/eeprom_reset.dir/home/bowman/pico/pico-sdk/src/rp2_common/pico_stdio_usb/stdio_usb.c.o
 .text.stdio_usb_init
                0x100021bc       0xe8 CMakeFiles/eeprom_reset.dir/home/bowman/pico/pico-sdk/src/rp2_common/pico_stdio_usb/stdio_usb.c.o
                0x100021bc                stdio_usb_init
 .text.tud_descriptor_device_cb
                0x100022a4        0x8 CMakeFiles/eeprom_reset.dir/home/bowman/pico/pico-sdk/src/rp2_common/pico_stdio_usb/stdio_usb_descriptors.c.o
                0x100022a4                tud_descriptor_device_cb
 .text.tud_descriptor_configuration_cb
                0x100022ac        0x8 CMakeFiles/eeprom_reset.dir/home/bowman/pico/pico-sdk/src/rp2_common/pico_stdio_usb/stdio_usb_descriptors.c.o
                0x100022ac                tud_descriptor_configuration_cb
 .text.tud_descriptor_string_cb
                0x100022b4       0x78 CMakeFiles/eeprom_reset.dir/home/bowman/pico/pico-sdk/src/rp2_common/pico_stdio_usb/stdio_usb_descriptors.c.o
                0x100022b4                tud_descriptor_string_cb
 .text.startup._retrieve_unique_id_on_boot
                0x1000232c       0x10 CMakeFiles/eeprom_reset.dir/home/bowman/pico/pico-sdk/src/rp2_common/pico_unique_id/unique_id.c.o
 .text.pico_get_unique_board_id_string
                0x1000233c      0x1a8 CMakeFiles/eeprom_reset.dir/home/bowman/pico/pico-sdk/src/rp2_common/pico_unique_id/unique_id.c.o
                0x1000233c                pico_get_unique_board_id_string
 .text.flash_get_unique_id
                0x100024e4       0x3c CMakeFiles/eeprom_reset.dir/home/bowman/pico/pico-sdk/src/rp2_common/hardware_flash/flash.c.o
                0x100024e4                flash_get_unique_id
 .text.dcd_init
                0x10002520       0x90 CMakeFiles/eeprom_reset.dir/home/bowman/pico/pico-sdk/lib/tinyusb/src/portable/raspberrypi/rp2040/dcd_rp2040.c.o
                0x10002520                dcd_init
 .text.dcd_int_enable
                0x100025b0        0xc CMakeFiles/eeprom_reset.dir/home/bowman/pico/pico-sdk/lib/tinyusb/src/portable/raspberrypi/rp2040/dcd_rp2040.c.o
                0x100025b0                dcd_int_enable
 .text.dcd_set_address
                0x100025bc       0x14 CMakeFiles/eeprom_reset.dir/home/bowman/pico/pico-sdk/lib/tinyusb/src/portable/raspberrypi/rp2040/dcd_rp2040.c.o
                0x100025bc                dcd_set_address
 .text.dcd_sof_enable
                0x100025d0       0x1c CMakeFiles/eeprom_reset.dir/home/bowman/pico/pico-sdk/lib/tinyusb/src/portable/raspberrypi/rp2040/dcd_rp2040.c.o
                0x100025d0                dcd_sof_enable
 .text.dcd_edpt0_status_complete
                0x100025ec       0x1c CMakeFiles/eeprom_reset.dir/home/bowman/pico/pico-sdk/lib/tinyusb/src/portable/raspberrypi/rp2040/dcd_rp2040.c.o
                0x100025ec                dcd_edpt0_status_complete
 .text.dcd_edpt_open
                0x10002608      0x114 CMakeFiles/eeprom_reset.dir/home/bowman/pico/pico-sdk/lib/tinyusb/src/portable/raspberrypi/rp2040/dcd_rp2040.c.o
                0x10002608                dcd_edpt_open
 .text.dcd_edpt_close_all
                0x1000271c        0x8 CMakeFiles/eeprom_reset.dir/home/bowman/pico/pico-sdk/lib/tinyusb/src/portable/raspberrypi/rp2040/dcd_rp2040.c.o
                0x1000271c                dcd_edpt_close_all
 .text.dcd_edpt_xfer
                0x10002724       0x24 CMakeFiles/eeprom_reset.dir/home/bowman/pico/pico-sdk/lib/tinyusb/src/portable/raspberrypi/rp2040/dcd_rp2040.c.o
                0x10002724                dcd_edpt_xfer
 .text.dcd_edpt_stall
                0x10002748       0x3c CMakeFiles/eeprom_reset.dir/home/bowman/pico/pico-sdk/lib/tinyusb/src/portable/raspberrypi/rp2040/dcd_rp2040.c.o
                0x10002748                dcd_edpt_stall
 .text.dcd_edpt_clear_stall
                0x10002784       0x30 CMakeFiles/eeprom_reset.dir/home/bowman/pico/pico-sdk/lib/tinyusb/src/portable/raspberrypi/rp2040/dcd_rp2040.c.o
                0x10002784                dcd_edpt_clear_stall
 .text.rp2040_usb_init
                0x100027b4       0x40 CMakeFiles/eeprom_reset.dir/home/bowman/pico/pico-sdk/lib/tinyusb/src/portable/raspberrypi/rp2040/rp2040_usb.c.o
                0x100027b4                rp2040_usb_init
 .text.hw_endpoint_xfer_start
                0x100027f4       0x40 CMakeFiles/eeprom_reset.dir/home/bowman/pico/pico-sdk/lib/tinyusb/src/portable/raspberrypi/rp2040/rp2040_usb.c.o
                0x100027f4                hw_endpoint_xfer_start
 .text.tud_event_hook_cb
                0x10002834        0x4 CMakeFiles/eeprom_reset.dir/home/bowman/pico/pico-sdk/lib/tinyusb/src/device/usbd.c.o
                0x10002834                tud_event_hook_cb
 .text.tud_sof_cb
                0x10002838        0x4 CMakeFiles/eeprom_reset.dir/home/bowman/pico/pico-sdk/lib/tinyusb/src/device/usbd.c.o
                0x10002838                tud_sof_cb
 .text.tud_descriptor_device_qualifier_cb
                0x1000283c        0x4 CMakeFiles/eeprom_reset.dir/home/bowman/pico/pico-sdk/lib/tinyusb/src/device/usbd.c.o
                0x1000283c                tud_descriptor_device_qualifier_cb
 .text.tud_descriptor_other_speed_configuration_cb
                0x10002840        0x4 CMakeFiles/eeprom_reset.dir/home/bowman/pico/pico-sdk/lib/tinyusb/src/device/usbd.c.o
                0x10002840                tud_descriptor_other_speed_configuration_cb
 .text.tud_mount_cb
                0x10002844        0x4 CMakeFiles/eeprom_reset.dir/home/bowman/pico/pico-sdk/lib/tinyusb/src/device/usbd.c.o
                0x10002844                tud_mount_cb
 .text.tud_umount_cb
                0x10002848        0x4 CMakeFiles/eeprom_reset.dir/home/bowman/pico/pico-sdk/lib/tinyusb/src/device/usbd.c.o
                0x10002848                tud_umount_cb
 .text.tud_suspend_cb
                0x1000284c        0x4 CMakeFiles/eeprom_reset.dir/home/bowman/pico/pico-sdk/lib/tinyusb/src/device/usbd.c.o
                0x1000284c                tud_suspend_cb
 .text.tud_resume_cb
                0x10002850        0x4 CMakeFiles/eeprom_reset.dir/home/bowman/pico/pico-sdk/lib/tinyusb/src/device/usbd.c.o
                0x10002850                tud_resume_cb
 .text.tud_mounted
                0x10002854       0x10 CMakeFiles/eeprom_reset.dir/home/bowman/pico/pico-sdk/lib/tinyusb/src/device/usbd.c.o
                0x10002854                tud_mounted
 .text.tud_suspended
                0x10002864       0x10 CMakeFiles/eeprom_reset.dir/home/bowman/pico/pico-sdk/lib/tinyusb/src/device/usbd.c.o
                0x10002864                tud_suspended
 .text.tud_rhport_init
                0x10002874       0xf4 CMakeFiles/eeprom_reset.dir/home/bowman/pico/pico-sdk/lib/tinyusb/src/device/usbd.c.o
                0x10002874                tud_rhport_init
 .text.tud_task_ext
                0x10002968      0x800 CMakeFiles/eeprom_reset.dir/home/bowman/pico/pico-sdk/lib/tinyusb/src/device/usbd.c.o
                0x10002968                tud_task_ext
 .text.usbd_open_edpt_pair
                0x10003168       0x9c CMakeFiles/eeprom_reset.dir/home/bowman/pico/pico-sdk/lib/tinyusb/src/device/usbd.c.o
                0x10003168                usbd_open_edpt_pair
 .text.usbd_edpt_open
                0x10003204       0x34 CMakeFiles/eeprom_reset.dir/home/bowman/pico/pico-sdk/lib/tinyusb/src/device/usbd.c.o
                0x10003204                usbd_edpt_open
 .text.usbd_edpt_claim
                0x10003238       0x28 CMakeFiles/eeprom_reset.dir/home/bowman/pico/pico-sdk/lib/tinyusb/src/device/usbd.c.o
                0x10003238                usbd_edpt_claim
 .text.usbd_edpt_release
                0x10003260       0x28 CMakeFiles/eeprom_reset.dir/home/bowman/pico/pico-sdk/lib/tinyusb/src/device/usbd.c.o
                0x10003260                usbd_edpt_release
 .text.usbd_edpt_xfer
                0x10003288       0x4c CMakeFiles/eeprom_reset.dir/home/bowman/pico/pico-sdk/lib/tinyusb/src/device/usbd.c.o
                0x10003288                usbd_edpt_xfer
 .text.tud_control_status
                0x100032d4       0x2c CMakeFiles/eeprom_reset.dir/home/bowman/pico/pico-sdk/lib/tinyusb/src/device/usbd_control.c.o
                0x100032d4                tud_control_status
 .text.tud_control_xfer
                0x10003300       0xa8 CMakeFiles/eeprom_reset.dir/home/bowman/pico/pico-sdk/lib/tinyusb/src/device/usbd_control.c.o
                0x10003300                tud_control_xfer
 .text.usbd_control_reset
                0x100033a8       0x14 CMakeFiles/eeprom_reset.dir/home/bowman/pico/pico-sdk/lib/tinyusb/src/device/usbd_control.c.o
                0x100033a8                usbd_control_reset
 .text.usbd_control_set_complete_callback
                0x100033bc        0xc CMakeFiles/eeprom_reset.dir/home/bowman/pico/pico-sdk/lib/tinyusb/src/device/usbd_control.c.o
                0x100033bc                usbd_control_set_complete_callback
 .text.usbd_control_set_request
                0x100033c8       0x1c CMakeFiles/eeprom_reset.dir/home/bowman/pico/pico-sdk/lib/tinyusb/src/device/usbd_control.c.o
                0x100033c8                usbd_control_set_request
 .text.usbd_control_xfer_cb
                0x100033e4       0xec CMakeFiles/eeprom_reset.dir/home/bowman/pico/pico-sdk/lib/tinyusb/src/device/usbd_control.c.o
                0x100033e4                usbd_control_xfer_cb
 .text._prep_out_transaction.isra.0
                0x100034d0       0x6c CMakeFiles/eeprom_reset.dir/home/bowman/pico/pico-sdk/lib/tinyusb/src/class/cdc/cdc_device.c.o
 .text.tud_cdc_n_connected
                0x1000353c       0x2c CMakeFiles/eeprom_reset.dir/home/bowman/pico/pico-sdk/lib/tinyusb/src/class/cdc/cdc_device.c.o
                0x1000353c                tud_cdc_n_connected
 .text.tud_cdc_n_available
                0x10003568       0x14 CMakeFiles/eeprom_reset.dir/home/bowman/pico/pico-sdk/lib/tinyusb/src/class/cdc/cdc_device.c.o
                0x10003568                tud_cdc_n_available
 .text.tud_cdc_n_read
                0x1000357c       0x88 CMakeFiles/eeprom_reset.dir/home/bowman/pico/pico-sdk/lib/tinyusb/src/class/cdc/cdc_device.c.o
                0x1000357c                tud_cdc_n_read
 .text.tud_cdc_n_write_flush
                0x10003604       0x74 CMakeFiles/eeprom_reset.dir/home/bowman/pico/pico-sdk/lib/tinyusb/src/class/cdc/cdc_device.c.o
                0x10003604                tud_cdc_n_write_flush
 .text.tud_cdc_n_write
                0x10003678       0x40 CMakeFiles/eeprom_reset.dir/home/bowman/pico/pico-sdk/lib/tinyusb/src/class/cdc/cdc_device.c.o
                0x10003678                tud_cdc_n_write
 .text.tud_cdc_n_write_available
                0x100036b8       0x14 CMakeFiles/eeprom_reset.dir/home/bowman/pico/pico-sdk/lib/tinyusb/src/class/cdc/cdc_device.c.o
                0x100036b8                tud_cdc_n_write_available
 .text.cdcd_init
                0x100036cc       0x70 CMakeFiles/eeprom_reset.dir/home/bowman/pico/pico-sdk/lib/tinyusb/src/class/cdc/cdc_device.c.o
                0x100036cc                cdcd_init
 .text.cdcd_deinit
                0x1000373c       0x30 CMakeFiles/eeprom_reset.dir/home/bowman/pico/pico-sdk/lib/tinyusb/src/class/cdc/cdc_device.c.o
                0x1000373c                cdcd_deinit
 .text.cdcd_reset
                0x1000376c       0x4c CMakeFiles/eeprom_reset.dir/home/bowman/pico/pico-sdk/lib/tinyusb/src/class/cdc/cdc_device.c.o
                0x1000376c                cdcd_reset
 .text.cdcd_open
                0x100037b8       0xa4 CMakeFiles/eeprom_reset.dir/home/bowman/pico/pico-sdk/lib/tinyusb/src/class/cdc/cdc_device.c.o
                0x100037b8                cdcd_open
 .text.cdcd_control_xfer_cb
                0x1000385c       0xe8 CMakeFiles/eeprom_reset.dir/home/bowman/pico/pico-sdk/lib/tinyusb/src/class/cdc/cdc_device.c.o
                0x1000385c                cdcd_control_xfer_cb
 .text.cdcd_xfer_cb
                0x10003944      0x100 CMakeFiles/eeprom_reset.dir/home/bowman/pico/pico-sdk/lib/tinyusb/src/class/cdc/cdc_device.c.o
                0x10003944                cdcd_xfer_cb
 .text.vendord_init
                0x10003a44       0x5c CMakeFiles/eeprom_reset.dir/home/bowman/pico/pico-sdk/lib/tinyusb/src/class/vendor/vendor_device.c.o
                0x10003a44                vendord_init
 .text.vendord_deinit
                0x10003aa0       0x1c CMakeFiles/eeprom_reset.dir/home/bowman/pico/pico-sdk/lib/tinyusb/src/class/vendor/vendor_device.c.o
                0x10003aa0                vendord_deinit
 .text.vendord_reset
                0x10003abc       0x28 CMakeFiles/eeprom_reset.dir/home/bowman/pico/pico-sdk/lib/tinyusb/src/class/vendor/vendor_device.c.o
                0x10003abc                vendord_reset
 .text.vendord_open
                0x10003ae4      0x120 CMakeFiles/eeprom_reset.dir/home/bowman/pico/pico-sdk/lib/tinyusb/src/class/vendor/vendor_device.c.o
                0x10003ae4                vendord_open
 .text.vendord_xfer_cb
                0x10003c04       0x9c CMakeFiles/eeprom_reset.dir/home/bowman/pico/pico-sdk/lib/tinyusb/src/class/vendor/vendor_device.c.o
                0x10003c04                vendord_xfer_cb
 .text.tusb_rhport_init
                0x10003ca0       0x4c CMakeFiles/eeprom_reset.dir/home/bowman/pico/pico-sdk/lib/tinyusb/src/tusb.c.o
                0x10003ca0                tusb_rhport_init
 .text.tu_edpt_claim
                0x10003cec       0x50 CMakeFiles/eeprom_reset.dir/home/bowman/pico/pico-sdk/lib/tinyusb/src/tusb.c.o
                0x10003cec                tu_edpt_claim
 .text.tu_edpt_release
                0x10003d3c       0x38 CMakeFiles/eeprom_reset.dir/home/bowman/pico/pico-sdk/lib/tinyusb/src/tusb.c.o
                0x10003d3c                tu_edpt_release
 .text.tu_edpt_validate
                0x10003d74       0x7c CMakeFiles/eeprom_reset.dir/home/bowman/pico/pico-sdk/lib/tinyusb/src/tusb.c.o
                0x10003d74                tu_edpt_validate
 .text.tu_edpt_bind_driver
                0x10003df0       0x34 CMakeFiles/eeprom_reset.dir/home/bowman/pico/pico-sdk/lib/tinyusb/src/tusb.c.o
                0x10003df0                tu_edpt_bind_driver
 .text.tu_edpt_stream_init
                0x10003e24       0x6c CMakeFiles/eeprom_reset.dir/home/bowman/pico/pico-sdk/lib/tinyusb/src/tusb.c.o
                0x10003e24                tu_edpt_stream_init
 .text.tu_edpt_stream_deinit
                0x10003e90        0x4 CMakeFiles/eeprom_reset.dir/home/bowman/pico/pico-sdk/lib/tinyusb/src/tusb.c.o
                0x10003e90                tu_edpt_stream_deinit
 .text.tu_edpt_stream_write_zlp_if_needed
                0x10003e94       0x68 CMakeFiles/eeprom_reset.dir/home/bowman/pico/pico-sdk/lib/tinyusb/src/tusb.c.o
                0x10003e94                tu_edpt_stream_write_zlp_if_needed
 .text.tu_edpt_stream_write_xfer
                0x10003efc       0x68 CMakeFiles/eeprom_reset.dir/home/bowman/pico/pico-sdk/lib/tinyusb/src/tusb.c.o
                0x10003efc                tu_edpt_stream_write_xfer
 .text.tu_edpt_stream_read_xfer
                0x10003f64       0xd8 CMakeFiles/eeprom_reset.dir/home/bowman/pico/pico-sdk/lib/tinyusb/src/tusb.c.o
                0x10003f64                tu_edpt_stream_read_xfer
 .text.tu_fifo_config
                0x1000403c       0x6c CMakeFiles/eeprom_reset.dir/home/bowman/pico/pico-sdk/lib/tinyusb/src/common/tusb_fifo.c.o
                0x1000403c                tu_fifo_config
 .text.tu_fifo_count
                0x100040a8       0x2c CMakeFiles/eeprom_reset.dir/home/bowman/pico/pico-sdk/lib/tinyusb/src/common/tusb_fifo.c.o
                0x100040a8                tu_fifo_count
 .text.tu_fifo_empty
                0x100040d4       0x10 CMakeFiles/eeprom_reset.dir/home/bowman/pico/pico-sdk/lib/tinyusb/src/common/tusb_fifo.c.o
                0x100040d4                tu_fifo_empty
 .text.tu_fifo_remaining
                0x100040e4       0x2c CMakeFiles/eeprom_reset.dir/home/bowman/pico/pico-sdk/lib/tinyusb/src/common/tusb_fifo.c.o
                0x100040e4                tu_fifo_remaining
 .text.tu_fifo_read
                0x10004110       0x9c CMakeFiles/eeprom_reset.dir/home/bowman/pico/pico-sdk/lib/tinyusb/src/common/tusb_fifo.c.o
                0x10004110                tu_fifo_read
 .text.tu_fifo_read_n
                0x100041ac       0xe8 CMakeFiles/eeprom_reset.dir/home/bowman/pico/pico-sdk/lib/tinyusb/src/common/tusb_fifo.c.o
                0x100041ac                tu_fifo_read_n
 .text.tu_fifo_write
                0x10004294       0xa4 CMakeFiles/eeprom_reset.dir/home/bowman/pico/pico-sdk/lib/tinyusb/src/common/tusb_fifo.c.o
                0x10004294                tu_fifo_write
 .text.tu_fifo_write_n
                0x10004338      0x178 CMakeFiles/eeprom_reset.dir/home/bowman/pico/pico-sdk/lib/tinyusb/src/common/tusb_fifo.c.o
                0x10004338                tu_fifo_write_n
 .text.tu_fifo_clear
                0x100044b0       0x40 CMakeFiles/eeprom_reset.dir/home/bowman/pico/pico-sdk/lib/tinyusb/src/common/tusb_fifo.c.o
                0x100044b0                tu_fifo_clear
 .text.tu_fifo_set_overwritable
                0x100044f0       0x48 CMakeFiles/eeprom_reset.dir/home/bowman/pico/pico-sdk/lib/tinyusb/src/common/tusb_fifo.c.o
                0x100044f0                tu_fifo_set_overwritable
 .text.i2c_write_blocking_internal.constprop.0
                0x10004538       0xf8 CMakeFiles/eeprom_reset.dir/home/bowman/pico/pico-sdk/src/rp2_common/hardware_i2c/i2c.c.o
 .text.i2c_set_baudrate
                0x10004630       0xc0 CMakeFiles/eeprom_reset.dir/home/bowman/pico/pico-sdk/src/rp2_common/hardware_i2c/i2c.c.o
                0x10004630                i2c_set_baudrate
 .text.i2c_init
                0x100046f0       0x50 CMakeFiles/eeprom_reset.dir/home/bowman/pico/pico-sdk/src/rp2_common/hardware_i2c/i2c.c.o
                0x100046f0                i2c_init
 .text.i2c_write_blocking
                0x10004740       0x14 CMakeFiles/eeprom_reset.dir/home/bowman/pico/pico-sdk/src/rp2_common/hardware_i2c/i2c.c.o
                0x10004740                i2c_write_blocking
 .text.atexit   0x10004754       0x10 /usr/lib/gcc/arm-none-eabi/14.2.0/../../../../arm-none-eabi/lib/thumb/v6-m/nofp/libg.a(libc_a-atexit.o)
                0x10004754                atexit
 .text.__libc_fini_array
                0x10004764       0x28 /usr/lib/gcc/arm-none-eabi/14.2.0/../../../../arm-none-eabi/lib/thumb/v6-m/nofp/libg.a(libc_a-fini.o)
                0x10004764                __libc_fini_array
 .text.__retarget_lock_acquire_recursive
                0x1000478c        0x4 /usr/lib/gcc/arm-none-eabi/14.2.0/../../../../arm-none-eabi/lib/thumb/v6-m/nofp/libg.a(libc_a-lock.o)
                0x1000478c                __retarget_lock_acquire_recursive
 .text.__retarget_lock_release_recursive
                0x10004790        0x4 /usr/lib/gcc/arm-none-eabi/14.2.0/../../../../arm-none-eabi/lib/thumb/v6-m/nofp/libg.a(libc_a-lock.o)
                0x10004790                __retarget_lock_release_recursive
 .text.strlen   0x10004794       0x5c /usr/lib/gcc/arm-none-eabi/14.2.0/../../../../arm-none-eabi/lib/thumb/v6-m/nofp/libg.a(libc_a-strlen-stub.o)
                0x10004794                strlen
 .text.__register_exitproc
                0x100047f0       0xa8 /usr/lib/gcc/arm-none-eabi/14.2.0/../../../../arm-none-eabi/lib/thumb/v6-m/nofp/libg.a(libc_a-__atexit.o)
                0x100047f0                __register_exitproc
 .text.startup.register_fini
                0x10004898       0x18 /usr/lib/gcc/arm-none-eabi/14.2.0/../../../../arm-none-eabi/lib/thumb/v6-m/nofp/libg.a(libc_a-__call_atexit.o)
 *(.fini)
 .fini          0x100048b0        0x4 /usr/lib/gcc/arm-none-eabi/14.2.0/thumb/v6-m/nofp/crti.o
                0x100048b0                _fini
 *fill*         0x100048b4        0x4 
 .fini.__stub   0x100048b8       0xb0 linker stubs
 *crtbegin.o(.ctors)
 *crtbegin?.o(.ctors)
 *(EXCLUDE_FILE(*crtend.o *crtend?.o) .ctors)
 *(SORT_BY_NAME(.ctors.*))
 *(.ctors)
 *crtbegin.o(.dtors)
 *crtbegin?.o(.dtors)
 *(EXCLUDE_FILE(*crtend.o *crtend?.o) .dtors)
 *(SORT_BY_NAME(.dtors.*))
 *(.dtors)
                0x10004968                        . = ALIGN (0x4)
                0x10004968                        PROVIDE (__preinit_array_start = .)
 *(SORT_BY_NAME(.preinit_array.*))
 .preinit_array.00100
                0x10004968        0x4 CMakeFiles/eeprom_reset.dir/home/bowman/pico/pico-sdk/src/rp2_common/pico_runtime_init/runtime_init.c.o
                0x10004968                __pre_init_runtime_init_early_resets
 .preinit_array.00101
                0x1000496c        0x4 CMakeFiles/eeprom_reset.dir/home/bowman/pico/pico-sdk/src/rp2_common/pico_runtime_init/runtime_init.c.o
                0x1000496c                __pre_init_runtime_init_usb_power_down
 .preinit_array.00275
                0x10004970        0x4 CMakeFiles/eeprom_reset.dir/home/bowman/pico/pico-sdk/src/rp2_common/pico_bit_ops/bit_ops_aeabi.S.o
 .preinit_array.00300
                0x10004974        0x4 CMakeFiles/eeprom_reset.dir/home/bowman/pico/pico-sdk/src/rp2_common/pico_mem_ops/mem_ops_aeabi.S.o
 .preinit_array.00350
                0x10004978        0x4 CMakeFiles/eeprom_reset.dir/home/bowman/pico/pico-sdk/src/rp2_common/pico_double/double_aeabi_rp2040.S.o
 .preinit_array.00350
                0x1000497c        0x4 CMakeFiles/eeprom_reset.dir/home/bowman/pico/pico-sdk/src/rp2_common/pico_float/float_aeabi_rp2040.S.o
 .preinit_array.00500
                0x10004980        0x4 CMakeFiles/eeprom_reset.dir/home/bowman/pico/pico-sdk/src/rp2_common/pico_runtime_init/runtime_init.c.o
                0x10004980                __pre_init_runtime_init_clocks
 .preinit_array.00600
                0x10004984        0x4 CMakeFiles/eeprom_reset.dir/home/bowman/pico/pico-sdk/src/rp2_common/pico_runtime_init/runtime_init.c.o
                0x10004984                __pre_init_runtime_init_post_clock_resets
 .preinit_array.00700
                0x10004988        0x4 CMakeFiles/eeprom_reset.dir/home/bowman/pico/pico-sdk/src/rp2_common/pico_runtime_init/runtime_init.c.o
                0x10004988                __pre_init_runtime_init_rp2040_gpio_ie_disable
 .preinit_array.01000
                0x1000498c        0x4 CMakeFiles/eeprom_reset.dir/home/bowman/pico/pico-sdk/src/rp2_common/pico_runtime_init/runtime_init.c.o
                0x1000498c                __pre_init_runtime_init_spin_locks_reset
 .preinit_array.01100
                0x10004990        0x4 CMakeFiles/eeprom_reset.dir/home/bowman/pico/pico-sdk/src/common/pico_sync/mutex.c.o
                0x10004990                __pre_init_runtime_init_mutex
 .preinit_array.10080
                0x10004994        0x4 CMakeFiles/eeprom_reset.dir/home/bowman/pico/pico-sdk/src/rp2_common/pico_runtime_init/runtime_init.c.o
                0x10004994                __pre_init_runtime_init_install_ram_vector_table
 .preinit_array.11000
                0x10004998        0x4 CMakeFiles/eeprom_reset.dir/home/bowman/pico/pico-sdk/src/common/pico_time/time.c.o
                0x10004998                __pre_init_runtime_init_default_alarm_pool
 .preinit_array.YYYYY
                0x1000499c        0x4 CMakeFiles/eeprom_reset.dir/home/bowman/pico/pico-sdk/src/rp2_common/pico_runtime/runtime.c.o
                0x1000499c                __pre_init_first_per_core_initializer
 .preinit_array.ZZZZZ.01200
                0x100049a0        0x4 CMakeFiles/eeprom_reset.dir/home/bowman/pico/pico-sdk/src/rp2_common/hardware_irq/irq.c.o
                0x100049a0                __pre_init_runtime_init_per_core_irq_priorities
 *(.preinit_array)
                0x100049a4                        PROVIDE (__preinit_array_end = .)
                0x100049a4                        . = ALIGN (0x4)
                0x100049a4                        PROVIDE (__init_array_start = .)
 *(SORT_BY_NAME(.init_array.*))
 .init_array.00000
                0x100049a4        0x4 /usr/lib/gcc/arm-none-eabi/14.2.0/../../../../arm-none-eabi/lib/thumb/v6-m/nofp/libg.a(libc_a-__call_atexit.o)
 .init_array.01000
                0x100049a8        0x4 CMakeFiles/eeprom_reset.dir/home/bowman/pico/pico-sdk/src/rp2_common/pico_unique_id/unique_id.c.o
 *(.init_array)
 .init_array    0x100049ac        0x4 /usr/lib/gcc/arm-none-eabi/14.2.0/thumb/v6-m/nofp/crtbegin.o
                0x100049b0                        PROVIDE (__init_array_end = .)
                0x100049b0                        . = ALIGN (0x4)
                0x100049b0                        PROVIDE (__fini_array_start = .)
 *(SORT_BY_NAME(.fini_array.*))
 *(.fini_array)
                0x100049b0                        PROVIDE (__fini_array_end = .)
 *(.eh_frame*)
 .eh_frame      0x100049b0        0x0 /usr/lib/gcc/arm-none-eabi/14.2.0/thumb/v6-m/nofp/crtbegin.o
                0x100049b0                        . = ALIGN (0x4)

.glue_7         0x100049b0        0x0
 .glue_7        0x100049b0        0x0 linker stubs

.glue_7t        0x100049b0        0x0
 .glue_7t       0x100049b0        0x0 linker stubs

.vfp11_veneer   0x100049b0        0x0
 .vfp11_veneer  0x100049b0        0x0 linker stubs

.v4_bx          0x100049b0        0x0
 .v4_bx         0x100049b0        0x0 linker stubs

.iplt           0x100049b0        0x0
 .iplt          0x100049b0        0x0 /usr/lib/gcc/arm-none-eabi/14.2.0/thumb/v6-m/nofp/crtbegin.o

.rodata         0x100049b0      0x414
 *(EXCLUDE_FILE(*libm.a: *libc.a:*lib_a-mem*.o *libgcc.a:) .rodata*)
 .rodata.panic.str1.4
                0x100049b0      0x15c CMakeFiles/eeprom_reset.dir/home/bowman/pico/pico-sdk/src/rp2_common/pico_platform_panic/panic.c.o
                                 0x12 (size before relaxing)
 .rodata.spin_lock_claim_unused.str1.4
                0x10004b0c       0x1b CMakeFiles/eeprom_reset.dir/home/bowman/pico/pico-sdk/src/rp2_common/hardware_sync/sync.c.o
 .rodata.user_irq_claim_unused.str1.4
                0x10004b0c       0x1b CMakeFiles/eeprom_reset.dir/home/bowman/pico/pico-sdk/src/rp2_common/hardware_irq/irq.c.o
 .rodata.timer_hardware_alarm_claim.str1.4
                0x10004b0c       0x22 CMakeFiles/eeprom_reset.dir/home/bowman/pico/pico-sdk/src/rp2_common/hardware_timer/timer.c.o
 .rodata.hard_assertion_failure.str1.4
                0x10004b0c        0xc CMakeFiles/eeprom_reset.dir/home/bowman/pico/pico-sdk/src/rp2_common/pico_runtime/runtime.c.o
 .rodata.str1.4
                0x10004b0c       0x44 CMakeFiles/eeprom_reset.dir/home/bowman/pico/pico-sdk/src/rp2_common/pico_standard_binary_info/standard_binary_info.c.o
 .rodata.__bi_84
                0x10004b0c        0xc CMakeFiles/eeprom_reset.dir/home/bowman/pico/pico-sdk/src/rp2_common/pico_standard_binary_info/standard_binary_info.c.o
 .rodata.__bi_78
                0x10004b18        0xc CMakeFiles/eeprom_reset.dir/home/bowman/pico/pico-sdk/src/rp2_common/pico_standard_binary_info/standard_binary_info.c.o
 .rodata.__bi_54
                0x10004b24        0xc CMakeFiles/eeprom_reset.dir/home/bowman/pico/pico-sdk/src/rp2_common/pico_standard_binary_info/standard_binary_info.c.o
 .rodata.__bi_48
                0x10004b30        0xc CMakeFiles/eeprom_reset.dir/home/bowman/pico/pico-sdk/src/rp2_common/pico_standard_binary_info/standard_binary_info.c.o
 .rodata.__bi_42
                0x10004b3c        0xc CMakeFiles/eeprom_reset.dir/home/bowman/pico/pico-sdk/src/rp2_common/pico_standard_binary_info/standard_binary_info.c.o
 .rodata.__bi_34
                0x10004b48        0xc CMakeFiles/eeprom_reset.dir/home/bowman/pico/pico-sdk/src/rp2_common/pico_standard_binary_info/standard_binary_info.c.o
 .rodata.__bi_26
                0x10004b54        0xc CMakeFiles/eeprom_reset.dir/home/bowman/pico/pico-sdk/src/rp2_common/pico_standard_binary_info/standard_binary_info.c.o
 .rodata.crlf_str.0
                0x10004b60        0x2 CMakeFiles/eeprom_reset.dir/home/bowman/pico/pico-sdk/src/rp2_common/pico_stdio/stdio.c.o
 *fill*         0x10004b62        0x2 
 .rodata._resetd_driver
                0x10004b64       0x20 CMakeFiles/eeprom_reset.dir/home/bowman/pico/pico-sdk/src/rp2_common/pico_stdio_usb/reset_interface.c.o
 .rodata.desc_ms_os_20
                0x10004b84       0xa6 CMakeFiles/eeprom_reset.dir/home/bowman/pico/pico-sdk/src/rp2_common/pico_stdio_usb/reset_interface.c.o
 *fill*         0x10004c2a        0x2 
 .rodata.desc_bos
                0x10004c2c       0x21 CMakeFiles/eeprom_reset.dir/home/bowman/pico/pico-sdk/src/rp2_common/pico_stdio_usb/reset_interface.c.o
                0x10004c2c                desc_bos
 .rodata.str1.4
                0x10004c4d       0x13 CMakeFiles/eeprom_reset.dir/home/bowman/pico/pico-sdk/src/rp2_common/pico_stdio_usb/stdio_usb.c.o
 *fill*         0x10004c4d        0x3 
 .rodata.__bi_202.0
                0x10004c50        0xc CMakeFiles/eeprom_reset.dir/home/bowman/pico/pico-sdk/src/rp2_common/pico_stdio_usb/stdio_usb.c.o
 .rodata.str1.4
                0x10004c5c       0x2a CMakeFiles/eeprom_reset.dir/home/bowman/pico/pico-sdk/src/rp2_common/pico_stdio_usb/stdio_usb_descriptors.c.o
 .rodata.usbd_desc_str
                0x10004c5c       0x18 CMakeFiles/eeprom_reset.dir/home/bowman/pico/pico-sdk/src/rp2_common/pico_stdio_usb/stdio_usb_descriptors.c.o
 .rodata.usbd_desc_cfg
                0x10004c74       0x54 CMakeFiles/eeprom_reset.dir/home/bowman/pico/pico-sdk/src/rp2_common/pico_stdio_usb/stdio_usb_descriptors.c.o
 .rodata.usbd_desc_device
                0x10004cc8       0x12 CMakeFiles/eeprom_reset.dir/home/bowman/pico/pico-sdk/src/rp2_common/pico_stdio_usb/stdio_usb_descriptors.c.o
 .rodata.str1.4
                0x10004cda       0x14 CMakeFiles/eeprom_reset.dir/home/bowman/pico/pico-sdk/lib/tinyusb/src/portable/raspberrypi/rp2040/dcd_rp2040.c.o
 .rodata.str1.4
                0x10004cda       0x48 CMakeFiles/eeprom_reset.dir/home/bowman/pico/pico-sdk/lib/tinyusb/src/portable/raspberrypi/rp2040/rp2040_usb.c.o
 *fill*         0x10004cda        0x2 
 .rodata.tud_task_ext
                0x10004cdc       0x8c CMakeFiles/eeprom_reset.dir/home/bowman/pico/pico-sdk/lib/tinyusb/src/device/usbd.c.o
 .rodata        0x10004d68       0x1c CMakeFiles/eeprom_reset.dir/home/bowman/pico/pico-sdk/lib/tinyusb/src/device/usbd.c.o
 .rodata._usbd_driver
                0x10004d84       0x40 CMakeFiles/eeprom_reset.dir/home/bowman/pico/pico-sdk/lib/tinyusb/src/device/usbd.c.o
                0x10004dc4                        . = ALIGN (0x4)
 *(SORT_BY_ALIGNMENT(SORT_BY_NAME(.flashdata*)))
                0x10004dc4                        . = ALIGN (0x4)

.ARM.extab
 *(.ARM.extab* .gnu.linkonce.armextab.*)
                0x10004dc4                        __exidx_start = .

.ARM.exidx
 *(.ARM.exidx* .gnu.linkonce.armexidx.*)
                0x10004dc4                        __exidx_end = .
                0x10004dc4                        . = ALIGN (0x4)
                0x10004dc4                        __binary_info_start = .

.binary_info    0x10004dc4       0x20
 *(.binary_info.keep.*)
 .binary_info.keep.__bi_ptr84
                0x10004dc4        0x4 CMakeFiles/eeprom_reset.dir/home/bowman/pico/pico-sdk/src/rp2_common/pico_standard_binary_info/standard_binary_info.c.o
 .binary_info.keep.__bi_ptr78
                0x10004dc8        0x4 CMakeFiles/eeprom_reset.dir/home/bowman/pico/pico-sdk/src/rp2_common/pico_standard_binary_info/standard_binary_info.c.o
 .binary_info.keep.__bi_ptr54
                0x10004dcc        0x4 CMakeFiles/eeprom_reset.dir/home/bowman/pico/pico-sdk/src/rp2_common/pico_standard_binary_info/standard_binary_info.c.o
 .binary_info.keep.__bi_ptr48
                0x10004dd0        0x4 CMakeFiles/eeprom_reset.dir/home/bowman/pico/pico-sdk/src/rp2_common/pico_standard_binary_info/standard_binary_info.c.o
 .binary_info.keep.__bi_ptr42
                0x10004dd4        0x4 CMakeFiles/eeprom_reset.dir/home/bowman/pico/pico-sdk/src/rp2_common/pico_standard_binary_info/standard_binary_info.c.o
 .binary_info.keep.__bi_ptr34
                0x10004dd8        0x4 CMakeFiles/eeprom_reset.dir/home/bowman/pico/pico-sdk/src/rp2_common/pico_standard_binary_info/standard_binary_info.c.o
 .binary_info.keep.__bi_ptr26
                0x10004ddc        0x4 CMakeFiles/eeprom_reset.dir/home/bowman/pico/pico-sdk/src/rp2_common/pico_standard_binary_info/standard_binary_info.c.o
 *(.binary_info.*)
 .binary_info.__bi_ptr202
                0x10004de0        0x4 CMakeFiles/eeprom_reset.dir/home/bowman/pico/pico-sdk/src/rp2_common/pico_stdio_usb/stdio_usb.c.o
                0x10004de4                        __binary_info_end = .
                0x10004de4                        . = ALIGN (0x4)

.ram_vector_table
                0x20000000       0xc0
 *(.ram_vector_table)
 .ram_vector_table
                0x20000000       0xc0 CMakeFiles/eeprom_reset.dir/home/bowman/pico/pico-sdk/src/rp2_common/pico_runtime_init/runtime_init.c.o
                0x20000000                ram_vector_table

.uninitialized_data
                0x200000c0        0x0
                0x200000c0                        . = ALIGN (0x4)
 *(.uninitialized_data*)

.data           0x200000c0     0x1004 load address 0x10004de4
                0x200000c0                        __data_start__ = .
 *(vtable)
 *(.time_critical*)
 .time_critical.mutex_try_enter
                0x200000c0       0x40 CMakeFiles/eeprom_reset.dir/home/bowman/pico/pico-sdk/src/common/pico_sync/mutex.c.o
                0x200000c0                mutex_try_enter
 .time_critical.mutex_try_enter_block_until
                0x20000100       0x98 CMakeFiles/eeprom_reset.dir/home/bowman/pico/pico-sdk/src/common/pico_sync/mutex.c.o
                0x20000100                mutex_try_enter_block_until
 .time_critical.mutex_enter_timeout_ms
                0x20000198       0x8c CMakeFiles/eeprom_reset.dir/home/bowman/pico/pico-sdk/src/common/pico_sync/mutex.c.o
                0x20000198                mutex_enter_timeout_ms
 .time_critical.mutex_exit
                0x20000224       0x28 CMakeFiles/eeprom_reset.dir/home/bowman/pico/pico-sdk/src/common/pico_sync/mutex.c.o
                0x20000224                mutex_exit
 .time_critical.flash_init_boot2_copyout
                0x2000024c       0x30 CMakeFiles/eeprom_reset.dir/home/bowman/pico/pico-sdk/src/rp2_common/hardware_flash/flash.c.o
 .time_critical.flash_enable_xip_via_boot2
                0x2000027c        0xc CMakeFiles/eeprom_reset.dir/home/bowman/pico/pico-sdk/src/rp2_common/hardware_flash/flash.c.o
 .time_critical.flash_save_hardware_state
                0x20000288       0x20 CMakeFiles/eeprom_reset.dir/home/bowman/pico/pico-sdk/src/rp2_common/hardware_flash/flash.c.o
 .time_critical.flash_restore_hardware_state
                0x200002a8       0x20 CMakeFiles/eeprom_reset.dir/home/bowman/pico/pico-sdk/src/rp2_common/hardware_flash/flash.c.o
 .time_critical.flash_cs_force
                0x200002c8       0x38 CMakeFiles/eeprom_reset.dir/home/bowman/pico/pico-sdk/src/rp2_common/hardware_flash/flash.c.o
 .time_critical.flash_do_cmd
                0x20000300      0x13c CMakeFiles/eeprom_reset.dir/home/bowman/pico/pico-sdk/src/rp2_common/hardware_flash/flash.c.o
                0x20000300                flash_do_cmd
 .time_critical.reset_non_control_endpoints
                0x2000043c       0x68 CMakeFiles/eeprom_reset.dir/home/bowman/pico/pico-sdk/lib/tinyusb/src/portable/raspberrypi/rp2040/dcd_rp2040.c.o
 .time_critical.hw_handle_buff_status
                0x200004a4       0xa0 CMakeFiles/eeprom_reset.dir/home/bowman/pico/pico-sdk/lib/tinyusb/src/portable/raspberrypi/rp2040/dcd_rp2040.c.o
 .time_critical.dcd_rp2040_irq
                0x20000544      0x548 CMakeFiles/eeprom_reset.dir/home/bowman/pico/pico-sdk/lib/tinyusb/src/portable/raspberrypi/rp2040/dcd_rp2040.c.o
 .time_critical.prepare_ep_buffer
                0x20000a8c       0xc8 CMakeFiles/eeprom_reset.dir/home/bowman/pico/pico-sdk/lib/tinyusb/src/portable/raspberrypi/rp2040/rp2040_usb.c.o
 .time_critical.sync_ep_buffer
                0x20000b54       0x9c CMakeFiles/eeprom_reset.dir/home/bowman/pico/pico-sdk/lib/tinyusb/src/portable/raspberrypi/rp2040/rp2040_usb.c.o
 .time_critical._hw_endpoint_xfer_sync
                0x20000bf0       0x28 CMakeFiles/eeprom_reset.dir/home/bowman/pico/pico-sdk/lib/tinyusb/src/portable/raspberrypi/rp2040/rp2040_usb.c.o
 .time_critical.e15_is_bulkin_ep
                0x20000c18       0x28 CMakeFiles/eeprom_reset.dir/home/bowman/pico/pico-sdk/lib/tinyusb/src/portable/raspberrypi/rp2040/rp2040_usb.c.o
 .time_critical.e15_is_critical_frame_period
                0x20000c40       0x34 CMakeFiles/eeprom_reset.dir/home/bowman/pico/pico-sdk/lib/tinyusb/src/portable/raspberrypi/rp2040/rp2040_usb.c.o
 .time_critical.hw_endpoint_reset_transfer
                0x20000c74        0xc CMakeFiles/eeprom_reset.dir/home/bowman/pico/pico-sdk/lib/tinyusb/src/portable/raspberrypi/rp2040/rp2040_usb.c.o
                0x20000c74                hw_endpoint_reset_transfer
 .time_critical._hw_endpoint_buffer_control_update32
                0x20000c80       0x50 CMakeFiles/eeprom_reset.dir/home/bowman/pico/pico-sdk/lib/tinyusb/src/portable/raspberrypi/rp2040/rp2040_usb.c.o
                0x20000c80                _hw_endpoint_buffer_control_update32
 .time_critical.hw_endpoint_start_next_buffer
                0x20000cd0       0x68 CMakeFiles/eeprom_reset.dir/home/bowman/pico/pico-sdk/lib/tinyusb/src/portable/raspberrypi/rp2040/rp2040_usb.c.o
                0x20000cd0                hw_endpoint_start_next_buffer
 .time_critical.hw_endpoint_xfer_continue
                0x20000d38       0x40 CMakeFiles/eeprom_reset.dir/home/bowman/pico/pico-sdk/lib/tinyusb/src/portable/raspberrypi/rp2040/rp2040_usb.c.o
                0x20000d38                hw_endpoint_xfer_continue
 .time_critical.tinyusb
                0x20000d78      0x1e4 CMakeFiles/eeprom_reset.dir/home/bowman/pico/pico-sdk/lib/tinyusb/src/device/usbd.c.o
                0x20000d78                dcd_event_handler
 *(.text*)
 .text          0x20000f5c        0x4 /usr/lib/gcc/arm-none-eabi/14.2.0/thumb/v6-m/nofp/libgcc.a(_dvmd_tls.o)
                0x20000f5c                __aeabi_ldiv0
                0x20000f5c                __aeabi_idiv0
 .text.__stub   0x20000f60       0x80 linker stubs
                0x20000fe0                        . = ALIGN (0x4)
 *(.rodata*)
                0x20000fe0                        . = ALIGN (0x4)
 *(.data*)
 .data.striped_spin_lock_num
                0x20000fe0        0x1 CMakeFiles/eeprom_reset.dir/home/bowman/pico/pico-sdk/src/rp2_common/hardware_sync/sync.c.o
 *fill*         0x20000fe1        0x3 
 .data          0x20000fe4       0x48 CMakeFiles/eeprom_reset.dir/home/bowman/pico/pico-sdk/src/rp2_common/hardware_irq/irq_handler_chain.S.o
                0x20000fe4                irq_handler_chain_slots
                0x20001014                irq_handler_chain_first_slot
                0x2000101e                irq_handler_chain_remove_tail
 .data.default_alarm_pool
                0x2000102c       0x18 CMakeFiles/eeprom_reset.dir/home/bowman/pico/pico-sdk/src/common/pico_time/time.c.o
 *fill*         0x20001044        0xc 
 .data.aeabi_bits_funcs
                0x20001050       0x10 CMakeFiles/eeprom_reset.dir/home/bowman/pico/pico-sdk/src/rp2_common/pico_bit_ops/bit_ops_aeabi.S.o
                0x20001050                aeabi_bits_funcs
                0x20001060                aeabi_bits_funcs_end
 .data.aeabi_mem_funcs
                0x20001060       0x10 CMakeFiles/eeprom_reset.dir/home/bowman/pico/pico-sdk/src/rp2_common/pico_mem_ops/mem_ops_aeabi.S.o
                0x20001060                aeabi_mem_funcs
                0x20001070                aeabi_mem_funcs_end
 .data.stdio_usb
                0x20001070       0x18 CMakeFiles/eeprom_reset.dir/home/bowman/pico/pico-sdk/src/rp2_common/pico_stdio_usb/stdio_usb.c.o
                0x20001070                stdio_usb
 .data._usbd_qdef
                0x20001088       0x1c CMakeFiles/eeprom_reset.dir/home/bowman/pico/pico-sdk/lib/tinyusb/src/device/usbd.c.o
                0x20001088                _usbd_qdef
 .data._usbd_rhport
                0x200010a4        0x1 CMakeFiles/eeprom_reset.dir/home/bowman/pico/pico-sdk/lib/tinyusb/src/device/usbd.c.o
 *fill*         0x200010a5        0x3 
 .data.i2c1_inst
                0x200010a8        0x8 CMakeFiles/eeprom_reset.dir/home/bowman/pico/pico-sdk/src/rp2_common/hardware_i2c/i2c.c.o
                0x200010a8                i2c1_inst
 .data.i2c0_inst
                0x200010b0        0x8 CMakeFiles/eeprom_reset.dir/home/bowman/pico/pico-sdk/src/rp2_common/hardware_i2c/i2c.c.o
                0x200010b0                i2c0_inst
 .data.__atexit_recursive_mutex
                0x200010b8        0x4 /usr/lib/gcc/arm-none-eabi/14.2.0/../../../../arm-none-eabi/lib/thumb/v6-m/nofp/libg.a(libc_a-__call_atexit.o)
                0x200010b8                __atexit_recursive_mutex
                0x200010bc                        . = ALIGN (0x4)
 *(.after_data.*)
                0x200010bc                        . = ALIGN (0x4)
                0x200010bc                        PROVIDE (__mutex_array_start = .)
 *(SORT_BY_NAME(.mutex_array.*))
 *(.mutex_array)
 .mutex_array   0x200010bc        0x8 CMakeFiles/eeprom_reset.dir/home/bowman/pico/pico-sdk/src/rp2_common/pico_stdio/stdio.c.o
                0x200010c4                        PROVIDE (__mutex_array_end = .)
                0x200010c4                        . = ALIGN (0x4)
 *(.jcr)
                0x200010c4                        . = ALIGN (0x4)

.igot.plt       0x200010c4        0x0 load address 0x10005de8
 .igot.plt      0x200010c4        0x0 /usr/lib/gcc/arm-none-eabi/14.2.0/thumb/v6-m/nofp/crtbegin.o

.tdata          0x200010c4        0x0 load address 0x10005de8
                0x200010c4                        . = ALIGN (0x4)
 *(.tdata .tdata.* .gnu.linkonce.td.*)
                0x200010c4                        __tdata_end = .
                0x200010c4                        PROVIDE (__data_end__ = .)
                0x10004de4                        __etext = LOADADDR (.data)

.tbss           0x200010c4        0x0 load address 0x10005de8
                0x200010c4                        . = ALIGN (0x4)
                0x200010c4                        __bss_start__ = .
                0x200010c4                        __tls_base = .
 *(.tbss .tbss.* .gnu.linkonce.tb.*)
 *(.tcommon)
                0x200010c4                        __tls_end = .

.bss            0x200010c8     0x1094 load address 0x10005de8
                0x200010c8                        . = ALIGN (0x4)
                0x200010c8                        __tbss_end = .
 *(SORT_BY_ALIGNMENT(SORT_BY_NAME(.bss*)))
 .bss.default_alarm_pool_entries
                0x200010c8      0x180 CMakeFiles/eeprom_reset.dir/home/bowman/pico/pico-sdk/src/common/pico_time/time.c.o
 .bss.last_avail_time.1
                0x20001248        0x8 CMakeFiles/eeprom_reset.dir/home/bowman/pico/pico-sdk/src/rp2_common/pico_stdio_usb/stdio_usb.c.o
 .bss.sd_table  0x20001250      0x100 CMakeFiles/eeprom_reset.dir/home/bowman/pico/pico-sdk/src/rp2_common/pico_double/double_init_rom_rp2040.c.o
                0x20001250                sd_table
 .bss.sf_table  0x20001350      0x100 CMakeFiles/eeprom_reset.dir/home/bowman/pico/pico-sdk/src/rp2_common/pico_float/float_init_rom_rp2040.c.o
                0x20001350                sf_table
 .bss.__atexit  0x20001450        0x4 /usr/lib/gcc/arm-none-eabi/14.2.0/../../../../arm-none-eabi/lib/thumb/v6-m/nofp/libg.a(libc_a-__call_atexit.o)
                0x20001450                __atexit
 .bss.__atexit0
                0x20001454      0x190 /usr/lib/gcc/arm-none-eabi/14.2.0/../../../../arm-none-eabi/lib/thumb/v6-m/nofp/libg.a(libc_a-__atexit.o)
                0x20001454                __atexit0
 .bss.__lock___atexit_recursive_mutex
                0x200015e4        0x1 /usr/lib/gcc/arm-none-eabi/14.2.0/../../../../arm-none-eabi/lib/thumb/v6-m/nofp/libg.a(libc_a-lock.o)
                0x200015e4                __lock___atexit_recursive_mutex
 *fill*         0x200015e5        0x3 
 .bss._app_driver
                0x200015e8        0x4 CMakeFiles/eeprom_reset.dir/home/bowman/pico/pico-sdk/lib/tinyusb/src/device/usbd.c.o
 .bss._cdcd_epbuf
                0x200015ec       0x80 CMakeFiles/eeprom_reset.dir/home/bowman/pico/pico-sdk/lib/tinyusb/src/class/cdc/cdc_device.c.o
 .bss._cdcd_fifo_cfg
                0x2000166c        0x1 CMakeFiles/eeprom_reset.dir/home/bowman/pico/pico-sdk/lib/tinyusb/src/class/cdc/cdc_device.c.o
 *fill*         0x2000166d        0x3 
 .bss._cdcd_itf
                0x20001670       0xc8 CMakeFiles/eeprom_reset.dir/home/bowman/pico/pico-sdk/lib/tinyusb/src/class/cdc/cdc_device.c.o
 .bss._ctrl_epbuf
                0x20001738       0x40 CMakeFiles/eeprom_reset.dir/home/bowman/pico/pico-sdk/lib/tinyusb/src/device/usbd_control.c.o
 .bss._ctrl_xfer
                0x20001778       0x14 CMakeFiles/eeprom_reset.dir/home/bowman/pico/pico-sdk/lib/tinyusb/src/device/usbd_control.c.o
 .bss._tusb_rhport_role
                0x2000178c        0x2 CMakeFiles/eeprom_reset.dir/home/bowman/pico/pico-sdk/lib/tinyusb/src/tusb.c.o
                0x2000178c                _tusb_rhport_role
 *fill*         0x2000178e        0x2 
 .bss._ubsd_mutexdef
                0x20001790        0x8 CMakeFiles/eeprom_reset.dir/home/bowman/pico/pico-sdk/lib/tinyusb/src/device/usbd.c.o
 .bss._usbd_dev
                0x20001798       0x54 CMakeFiles/eeprom_reset.dir/home/bowman/pico/pico-sdk/lib/tinyusb/src/device/usbd.c.o
 .bss._usbd_mutex
                0x200017ec        0x4 CMakeFiles/eeprom_reset.dir/home/bowman/pico/pico-sdk/lib/tinyusb/src/device/usbd.c.o
 .bss._usbd_q   0x200017f0        0x4 CMakeFiles/eeprom_reset.dir/home/bowman/pico/pico-sdk/lib/tinyusb/src/device/usbd.c.o
 .bss._usbd_qdef_buf
                0x200017f4       0xc0 CMakeFiles/eeprom_reset.dir/home/bowman/pico/pico-sdk/lib/tinyusb/src/device/usbd.c.o
                0x200017f4                _usbd_qdef_buf
 .bss._vendord_epbuf
                0x200018b4       0x80 CMakeFiles/eeprom_reset.dir/home/bowman/pico/pico-sdk/lib/tinyusb/src/class/vendor/vendor_device.c.o
 .bss._vendord_itf
                0x20001934      0x24c CMakeFiles/eeprom_reset.dir/home/bowman/pico/pico-sdk/lib/tinyusb/src/class/vendor/vendor_device.c.o
 .bss.boot2_copyout
                0x20001b80      0x100 CMakeFiles/eeprom_reset.dir/home/bowman/pico/pico-sdk/src/rp2_common/hardware_flash/flash.c.o
 .bss.chars_available_callback
                0x20001c80        0x4 CMakeFiles/eeprom_reset.dir/home/bowman/pico/pico-sdk/src/rp2_common/pico_stdio_usb/stdio_usb.c.o
 .bss.chars_available_param
                0x20001c84        0x4 CMakeFiles/eeprom_reset.dir/home/bowman/pico/pico-sdk/src/rp2_common/pico_stdio_usb/stdio_usb.c.o
 .bss.claimed   0x20001c88        0x4 CMakeFiles/eeprom_reset.dir/home/bowman/pico/pico-sdk/src/rp2_common/hardware_sync/sync.c.o
 .bss.claimed   0x20001c8c        0x1 CMakeFiles/eeprom_reset.dir/home/bowman/pico/pico-sdk/src/rp2_common/hardware_timer/timer.c.o
 *fill*         0x20001c8d        0x3 
 .bss.configured_freq
                0x20001c90       0x28 CMakeFiles/eeprom_reset.dir/home/bowman/pico/pico-sdk/src/rp2_common/hardware_clocks/clocks.c.o
 .bss.desc_str.0
                0x20001cb8       0x28 CMakeFiles/eeprom_reset.dir/home/bowman/pico/pico-sdk/src/rp2_common/pico_stdio_usb/stdio_usb_descriptors.c.o
 .bss.drivers   0x20001ce0        0x4 CMakeFiles/eeprom_reset.dir/home/bowman/pico/pico-sdk/src/rp2_common/pico_stdio/stdio.c.o
 .bss.e15_last_sof
                0x20001ce4        0x4 CMakeFiles/eeprom_reset.dir/home/bowman/pico/pico-sdk/lib/tinyusb/src/portable/raspberrypi/rp2040/rp2040_usb.c.o
                0x20001ce4                e15_last_sof
 .bss.filter    0x20001ce8        0x4 CMakeFiles/eeprom_reset.dir/home/bowman/pico/pico-sdk/src/rp2_common/pico_stdio/stdio.c.o
 .bss.hw_endpoints
                0x20001cec      0x400 CMakeFiles/eeprom_reset.dir/home/bowman/pico/pico-sdk/lib/tinyusb/src/portable/raspberrypi/rp2040/dcd_rp2040.c.o
 .bss.lazy_vsnprintf
                0x200020ec        0x4 CMakeFiles/eeprom_reset.dir/home/bowman/pico/pico-sdk/src/rp2_common/pico_printf/printf.c.o
 .bss.load_value
                0x200020f0        0x4 CMakeFiles/eeprom_reset.dir/home/bowman/pico/pico-sdk/src/rp2_common/hardware_watchdog/watchdog.c.o
 .bss.next_buffer_ptr
                0x200020f4        0x4 CMakeFiles/eeprom_reset.dir/home/bowman/pico/pico-sdk/lib/tinyusb/src/portable/raspberrypi/rp2040/dcd_rp2040.c.o
 .bss.object.0  0x200020f8       0x18 /usr/lib/gcc/arm-none-eabi/14.2.0/thumb/v6-m/nofp/crtbegin.o
 .bss.one_shot_timer_crit_sec
                0x20002110        0x8 CMakeFiles/eeprom_reset.dir/home/bowman/pico/pico-sdk/src/rp2_common/pico_stdio_usb/stdio_usb.c.o
 .bss.pools     0x20002118       0x10 CMakeFiles/eeprom_reset.dir/home/bowman/pico/pico-sdk/src/common/pico_time/time.c.o
 .bss.retrieved_id
                0x20002128        0x8 CMakeFiles/eeprom_reset.dir/home/bowman/pico/pico-sdk/src/rp2_common/pico_unique_id/unique_id.c.o
 .bss.sf_clz_func
                0x20002130        0x4 CMakeFiles/eeprom_reset.dir/home/bowman/pico/pico-sdk/src/rp2_common/pico_double/double_init_rom_rp2040.c.o
                0x20002130                sf_clz_func
 .bss.sleep_notifier
                0x20002134        0x4 CMakeFiles/eeprom_reset.dir/home/bowman/pico/pico-sdk/src/common/pico_time/time.c.o
 .bss.stdio_usb_mutex
                0x20002138        0x8 CMakeFiles/eeprom_reset.dir/home/bowman/pico/pico-sdk/src/rp2_common/pico_stdio_usb/stdio_usb.c.o
 .bss.usbd_serial_str
                0x20002140       0x11 CMakeFiles/eeprom_reset.dir/home/bowman/pico/pico-sdk/src/rp2_common/pico_stdio_usb/stdio_usb_descriptors.c.o
 .bss._app_driver_count
                0x20002151        0x1 CMakeFiles/eeprom_reset.dir/home/bowman/pico/pico-sdk/lib/tinyusb/src/device/usbd.c.o
 .bss._sof_enable
                0x20002152        0x1 CMakeFiles/eeprom_reset.dir/home/bowman/pico/pico-sdk/lib/tinyusb/src/portable/raspberrypi/rp2040/dcd_rp2040.c.o
 .bss._usbd_queued_setup
                0x20002153        0x1 CMakeFiles/eeprom_reset.dir/home/bowman/pico/pico-sdk/lib/tinyusb/src/device/usbd.c.o
 .bss.boot2_copyout_valid
                0x20002154        0x1 CMakeFiles/eeprom_reset.dir/home/bowman/pico/pico-sdk/src/rp2_common/hardware_flash/flash.c.o
 .bss.irq_handler_chain_free_slot_head
                0x20002155        0x1 CMakeFiles/eeprom_reset.dir/home/bowman/pico/pico-sdk/src/rp2_common/hardware_irq/irq.c.o
 .bss.itf_num   0x20002156        0x1 CMakeFiles/eeprom_reset.dir/home/bowman/pico/pico-sdk/src/rp2_common/pico_stdio_usb/reset_interface.c.o
 .bss.low_priority_irq_num
                0x20002157        0x1 CMakeFiles/eeprom_reset.dir/home/bowman/pico/pico-sdk/src/rp2_common/pico_stdio_usb/stdio_usb.c.o
 .bss.one_shot_timer_pending
                0x20002158        0x1 CMakeFiles/eeprom_reset.dir/home/bowman/pico/pico-sdk/src/rp2_common/pico_stdio_usb/stdio_usb.c.o
 .bss.user_irq_claimed
                0x20002159        0x1 CMakeFiles/eeprom_reset.dir/home/bowman/pico/pico-sdk/src/rp2_common/hardware_irq/irq.c.o
 *(COMMON)
                0x2000215c                        . = ALIGN (0x4)
 *fill*         0x2000215a        0x2 
                0x2000215c                        __bss_end__ = .

.heap           0x2000215c      0x800 load address 0x10005de8
                0x2000215c                        __end__ = .
                0x2000215c                        end = __end__
 *(.heap*)
 .heap          0x2000215c      0x800 CMakeFiles/eeprom_reset.dir/home/bowman/pico/pico-sdk/src/rp2_common/pico_crt0/crt0.S.o
                0x20040000                        __HeapLimit = (ORIGIN (RAM) + LENGTH (RAM))

.scratch_x      0x20040000        0x0 load address 0x10005de8
                0x20040000                        __scratch_x_start__ = .
 *(.scratch_x.*)
                0x20040000                        . = ALIGN (0x4)
                0x20040000                        __scratch_x_end__ = .
                0x10005de8                        __scratch_x_source__ = LOADADDR (.scratch_x)

.scratch_y      0x20041000        0x0 load address 0x10005de8
                0x20041000                        __scratch_y_start__ = .
 *(.scratch_y.*)
                0x20041000                        . = ALIGN (0x4)
                0x20041000                        __scratch_y_end__ = .
                0x10005de8                        __scratch_y_source__ = LOADADDR (.scratch_y)

.stack1_dummy
 *(.stack1*)

.stack_dummy    0x20041000      0x800
 *(.stack*)
 .stack         0x20041000      0x800 CMakeFiles/eeprom_reset.dir/home/bowman/pico/pico-sdk/src/rp2_common/pico_crt0/crt0.S.o

.rel.dyn        0x20041800        0x0
 .rel.iplt      0x20041800        0x0 /usr/lib/gcc/arm-none-eabi/14.2.0/thumb/v6-m/nofp/crtbegin.o

.flash_end      0x10005de8        0x0
 *(.embedded_end_block*)
                0x10005de8                        PROVIDE (__flash_binary_end = .)
                0x20040000                        __StackLimit = (ORIGIN (RAM) + LENGTH (RAM))
                0x20041000                        __StackOneTop = (ORIGIN (SCRATCH_X) + LENGTH (SCRATCH_X))
                0x20042000                        __StackTop = (ORIGIN (SCRATCH_Y) + LENGTH (SCRATCH_Y))
                0x20041000                        __StackOneBottom = (__StackOneTop - SIZEOF (.stack1_dummy))
                0x20041800                        __StackBottom = (__StackTop - SIZEOF (.stack_dummy))
                0x20042000                        PROVIDE (__stack = __StackTop)
                [!provide]                        PROVIDE (__heap_start = __end__)
                [!provide]                        PROVIDE (__heap_end = __HeapLimit)
                [!provide]                        PROVIDE (__tls_align = MAX (ALIGNOF (.tdata), ALIGNOF (.tbss)))
                [!provide]                        PROVIDE (__tls_size_align = (((__tls_size + __tls_align) - 0x1) & ~ ((__tls_align - 0x1))))
                [!provide]                        PROVIDE (__arm32_tls_tcb_offset = MAX (0x8, __tls_align))
                [!provide]                        PROVIDE (_end = __end__)
                [!provide]                        PROVIDE (__llvm_libc_heap_limit = __HeapLimit)
                0x00000001                        ASSERT ((__StackLimit >= __HeapLimit), region RAM overflowed)
                0x00000001                        ASSERT (((__binary_info_header_end - __logical_binary_start) <= 0x100), Binary info must be in first 256 bytes of the binary)
LOAD CMakeFiles/eeprom_reset.dir/home/bowman/pico/dev/cv-pico-seq/eeprom_reset.cpp.o
LOAD CMakeFiles/eeprom_reset.dir/home/bowman/pico/pico-sdk/src/rp2_common/pico_stdlib/stdlib.c.o
LOAD CMakeFiles/eeprom_reset.dir/home/bowman/pico/pico-sdk/src/rp2_common/hardware_gpio/gpio.c.o
LOAD CMakeFiles/eeprom_reset.dir/home/bowman/pico/pico-sdk/src/rp2040/pico_platform/platform.c.o
LOAD CMakeFiles/eeprom_reset.dir/home/bowman/pico/pico-sdk/src/rp2_common/pico_platform_common/common.c.o
LOAD CMakeFiles/eeprom_reset.dir/home/bowman/pico/pico-sdk/src/rp2_common/pico_platform_panic/panic.c.o
LOAD CMakeFiles/eeprom_reset.dir/home/bowman/pico/pico-sdk/src/common/hardware_claim/claim.c.o
LOAD CMakeFiles/eeprom_reset.dir/home/bowman/pico/pico-sdk/src/rp2_common/hardware_sync/sync.c.o
LOAD CMakeFiles/eeprom_reset.dir/home/bowman/pico/pico-sdk/src/rp2_common/hardware_sync_spin_lock/sync_spin_lock.c.o
LOAD CMakeFiles/eeprom_reset.dir/home/bowman/pico/pico-sdk/src/rp2_common/hardware_irq/irq.c.o
LOAD CMakeFiles/eeprom_reset.dir/home/bowman/pico/pico-sdk/src/rp2_common/hardware_irq/irq_handler_chain.S.o
LOAD CMakeFiles/eeprom_reset.dir/home/bowman/pico/pico-sdk/src/common/pico_sync/sem.c.o
LOAD CMakeFiles/eeprom_reset.dir/home/bowman/pico/pico-sdk/src/common/pico_sync/lock_core.c.o
LOAD CMakeFiles/eeprom_reset.dir/home/bowman/pico/pico-sdk/src/common/pico_sync/mutex.c.o
LOAD CMakeFiles/eeprom_reset.dir/home/bowman/pico/pico-sdk/src/common/pico_sync/critical_section.c.o
LOAD CMakeFiles/eeprom_reset.dir/home/bowman/pico/pico-sdk/src/common/pico_time/time.c.o
LOAD CMakeFiles/eeprom_reset.dir/home/bowman/pico/pico-sdk/src/common/pico_time/timeout_helper.c.o
LOAD CMakeFiles/eeprom_reset.dir/home/bowman/pico/pico-sdk/src/rp2_common/hardware_timer/timer.c.o
LOAD CMakeFiles/eeprom_reset.dir/home/bowman/pico/pico-sdk/src/common/pico_util/datetime.c.o
LOAD CMakeFiles/eeprom_reset.dir/home/bowman/pico/pico-sdk/src/common/pico_util/pheap.c.o
LOAD CMakeFiles/eeprom_reset.dir/home/bowman/pico/pico-sdk/src/common/pico_util/queue.c.o
LOAD CMakeFiles/eeprom_reset.dir/home/bowman/pico/pico-sdk/src/rp2_common/hardware_uart/uart.c.o
LOAD CMakeFiles/eeprom_reset.dir/home/bowman/pico/pico-sdk/src/rp2_common/hardware_clocks/clocks.c.o
LOAD CMakeFiles/eeprom_reset.dir/home/bowman/pico/pico-sdk/src/rp2_common/hardware_pll/pll.c.o
LOAD CMakeFiles/eeprom_reset.dir/home/bowman/pico/pico-sdk/src/rp2_common/hardware_vreg/vreg.c.o
LOAD CMakeFiles/eeprom_reset.dir/home/bowman/pico/pico-sdk/src/rp2_common/hardware_watchdog/watchdog.c.o
LOAD CMakeFiles/eeprom_reset.dir/home/bowman/pico/pico-sdk/src/rp2_common/hardware_ticks/ticks.c.o
LOAD CMakeFiles/eeprom_reset.dir/home/bowman/pico/pico-sdk/src/rp2_common/pico_bootrom/bootrom.c.o
LOAD CMakeFiles/eeprom_reset.dir/home/bowman/pico/pico-sdk/src/rp2_common/pico_bootrom/bootrom_lock.c.o
LOAD CMakeFiles/eeprom_reset.dir/home/bowman/pico/pico-sdk/src/rp2_common/hardware_boot_lock/boot_lock.c.o
LOAD CMakeFiles/eeprom_reset.dir/home/bowman/pico/pico-sdk/src/rp2_common/pico_flash/flash.c.o
LOAD CMakeFiles/eeprom_reset.dir/home/bowman/pico/pico-sdk/src/rp2_common/hardware_xosc/xosc.c.o
LOAD CMakeFiles/eeprom_reset.dir/home/bowman/pico/pico-sdk/src/rp2_common/hardware_divider/divider.S.o
LOAD CMakeFiles/eeprom_reset.dir/home/bowman/pico/pico-sdk/src/rp2_common/pico_runtime/runtime.c.o
LOAD CMakeFiles/eeprom_reset.dir/home/bowman/pico/pico-sdk/src/rp2_common/pico_runtime_init/runtime_init.c.o
LOAD CMakeFiles/eeprom_reset.dir/home/bowman/pico/pico-sdk/src/rp2_common/pico_runtime_init/runtime_init_clocks.c.o
LOAD CMakeFiles/eeprom_reset.dir/home/bowman/pico/pico-sdk/src/rp2_common/pico_runtime_init/runtime_init_stack_guard.c.o
LOAD CMakeFiles/eeprom_reset.dir/home/bowman/pico/pico-sdk/src/rp2_common/pico_bit_ops/bit_ops_aeabi.S.o
LOAD CMakeFiles/eeprom_reset.dir/home/bowman/pico/pico-sdk/src/rp2_common/pico_divider/divider_hardware.S.o
LOAD CMakeFiles/eeprom_reset.dir/home/bowman/pico/pico-sdk/src/rp2_common/pico_double/double_aeabi_rp2040.S.o
LOAD CMakeFiles/eeprom_reset.dir/home/bowman/pico/pico-sdk/src/rp2_common/pico_double/double_init_rom_rp2040.c.o
LOAD CMakeFiles/eeprom_reset.dir/home/bowman/pico/pico-sdk/src/rp2_common/pico_double/double_math.c.o
LOAD CMakeFiles/eeprom_reset.dir/home/bowman/pico/pico-sdk/src/rp2_common/pico_double/double_v1_rom_shim_rp2040.S.o
LOAD CMakeFiles/eeprom_reset.dir/home/bowman/pico/pico-sdk/src/rp2_common/pico_int64_ops/pico_int64_ops_aeabi.S.o
LOAD CMakeFiles/eeprom_reset.dir/home/bowman/pico/pico-sdk/src/rp2_common/pico_float/float_aeabi_rp2040.S.o
LOAD CMakeFiles/eeprom_reset.dir/home/bowman/pico/pico-sdk/src/rp2_common/pico_float/float_init_rom_rp2040.c.o
LOAD CMakeFiles/eeprom_reset.dir/home/bowman/pico/pico-sdk/src/rp2_common/pico_float/float_math.c.o
LOAD CMakeFiles/eeprom_reset.dir/home/bowman/pico/pico-sdk/src/rp2_common/pico_float/float_v1_rom_shim_rp2040.S.o
LOAD CMakeFiles/eeprom_reset.dir/home/bowman/pico/pico-sdk/src/rp2_common/pico_malloc/malloc.c.o
LOAD CMakeFiles/eeprom_reset.dir/home/bowman/pico/pico-sdk/src/rp2_common/pico_mem_ops/mem_ops_aeabi.S.o
LOAD CMakeFiles/eeprom_reset.dir/home/bowman/pico/pico-sdk/src/rp2_common/pico_atomic/atomic.c.o
LOAD CMakeFiles/eeprom_reset.dir/home/bowman/pico/pico-sdk/src/rp2_common/pico_cxx_options/new_delete.cpp.o
LOAD CMakeFiles/eeprom_reset.dir/home/bowman/pico/pico-sdk/src/rp2_common/pico_standard_binary_info/standard_binary_info.c.o
LOAD CMakeFiles/eeprom_reset.dir/home/bowman/pico/pico-sdk/src/rp2_common/pico_printf/printf.c.o
LOAD CMakeFiles/eeprom_reset.dir/home/bowman/pico/pico-sdk/src/rp2_common/pico_crt0/crt0.S.o
LOAD CMakeFiles/eeprom_reset.dir/home/bowman/pico/pico-sdk/src/rp2_common/pico_clib_interface/newlib_interface.c.o
LOAD CMakeFiles/eeprom_reset.dir/home/bowman/pico/pico-sdk/src/rp2_common/pico_stdio/stdio.c.o
LOAD CMakeFiles/eeprom_reset.dir/home/bowman/pico/pico-sdk/src/rp2_common/pico_stdio_usb/reset_interface.c.o
LOAD CMakeFiles/eeprom_reset.dir/home/bowman/pico/pico-sdk/src/rp2_common/pico_stdio_usb/stdio_usb.c.o
LOAD CMakeFiles/eeprom_reset.dir/home/bowman/pico/pico-sdk/src/rp2_common/pico_stdio_usb/stdio_usb_descriptors.c.o
LOAD CMakeFiles/eeprom_reset.dir/home/bowman/pico/pico-sdk/src/rp2_common/pico_unique_id/unique_id.c.o
LOAD CMakeFiles/eeprom_reset.dir/home/bowman/pico/pico-sdk/src/rp2_common/hardware_flash/flash.c.o
LOAD CMakeFiles/eeprom_reset.dir/home/bowman/pico/pico-sdk/src/rp2_common/hardware_xip_cache/xip_cache.c.o
LOAD CMakeFiles/eeprom_reset.dir/home/bowman/pico/pico-sdk/lib/tinyusb/src/portable/raspberrypi/rp2040/dcd_rp2040.c.o
LOAD CMakeFiles/eeprom_reset.dir/home/bowman/pico/pico-sdk/lib/tinyusb/src/portable/raspberrypi/rp2040/rp2040_usb.c.o
LOAD CMakeFiles/eeprom_reset.dir/home/bowman/pico/pico-sdk/lib/tinyusb/src/device/usbd.c.o
LOAD CMakeFiles/eeprom_reset.dir/home/bowman/pico/pico-sdk/lib/tinyusb/src/device/usbd_control.c.o
LOAD CMakeFiles/eeprom_reset.dir/home/bowman/pico/pico-sdk/lib/tinyusb/src/class/audio/audio_device.c.o
LOAD CMakeFiles/eeprom_reset.dir/home/bowman/pico/pico-sdk/lib/tinyusb/src/class/cdc/cdc_device.c.o
LOAD CMakeFiles/eeprom_reset.dir/home/bowman/pico/pico-sdk/lib/tinyusb/src/class/dfu/dfu_device.c.o
LOAD CMakeFiles/eeprom_reset.dir/home/bowman/pico/pico-sdk/lib/tinyusb/src/class/dfu/dfu_rt_device.c.o
LOAD CMakeFiles/eeprom_reset.dir/home/bowman/pico/pico-sdk/lib/tinyusb/src/class/hid/hid_device.c.o
LOAD CMakeFiles/eeprom_reset.dir/home/bowman/pico/pico-sdk/lib/tinyusb/src/class/midi/midi_device.c.o
LOAD CMakeFiles/eeprom_reset.dir/home/bowman/pico/pico-sdk/lib/tinyusb/src/class/msc/msc_device.c.o
LOAD CMakeFiles/eeprom_reset.dir/home/bowman/pico/pico-sdk/lib/tinyusb/src/class/net/ecm_rndis_device.c.o
LOAD CMakeFiles/eeprom_reset.dir/home/bowman/pico/pico-sdk/lib/tinyusb/src/class/net/ncm_device.c.o
LOAD CMakeFiles/eeprom_reset.dir/home/bowman/pico/pico-sdk/lib/tinyusb/src/class/usbtmc/usbtmc_device.c.o
LOAD CMakeFiles/eeprom_reset.dir/home/bowman/pico/pico-sdk/lib/tinyusb/src/class/vendor/vendor_device.c.o
LOAD CMakeFiles/eeprom_reset.dir/home/bowman/pico/pico-sdk/lib/tinyusb/src/class/video/video_device.c.o
LOAD CMakeFiles/eeprom_reset.dir/home/bowman/pico/pico-sdk/lib/tinyusb/src/tusb.c.o
LOAD CMakeFiles/eeprom_reset.dir/home/bowman/pico/pico-sdk/lib/tinyusb/src/common/tusb_fifo.c.o
LOAD CMakeFiles/eeprom_reset.dir/home/bowman/pico/pico-sdk/src/rp2_common/pico_fix/rp2040_usb_device_enumeration/rp2040_usb_device_enumeration.c.o
LOAD CMakeFiles/eeprom_reset.dir/home/bowman/pico/pico-sdk/src/rp2_common/hardware_i2c/i2c.c.o
LOAD pico-sdk/src/rp2040/boot_stage2/CMakeFiles/bs2_default_library.dir/bs2_default_padded_checksummed.S.o
LOAD /usr/lib/gcc/arm-none-eabi/14.2.0/../../../../arm-none-eabi/lib/thumb/v6-m/nofp/libstdc++.a
LOAD /usr/lib/gcc/arm-none-eabi/14.2.0/../../../../arm-none-eabi/lib/thumb/v6-m/nofp/libm.a
START GROUP
LOAD /usr/lib/gcc/arm-none-eabi/14.2.0/thumb/v6-m/nofp/libgcc.a
LOAD /usr/lib/gcc/arm-none-eabi/14.2.0/../../../../arm-none-eabi/lib/thumb/v6-m/nofp/libg.a
LOAD /usr/lib/gcc/arm-none-eabi/14.2.0/../../../../arm-none-eabi/lib/thumb/v6-m/nofp/libc.a
END GROUP
START GROUP
LOAD /usr/lib/gcc/arm-none-eabi/14.2.0/thumb/v6-m/nofp/libgcc.a
LOAD /usr/lib/gcc/arm-none-eabi/14.2.0/../../../../arm-none-eabi/lib/thumb/v6-m/nofp/libc.a
LOAD /usr/lib/gcc/arm-none-eabi/14.2.0/../../../../arm-none-eabi/lib/thumb/v6-m/nofp/libnosys.a
END GROUP
LOAD /usr/lib/gcc/arm-none-eabi/14.2.0/thumb/v6-m/nofp/crtend.o
LOAD /usr/lib/gcc/arm-none-eabi/14.2.0/thumb/v6-m/nofp/crtn.o
OUTPUT(eeprom_reset.elf elf32-littlearm)
LOAD linker stubs

.ARM.attributes
                0x00000000       0x28
 .ARM.attributes
                0x00000000       0x1e /usr/lib/gcc/arm-none-eabi/14.2.0/thumb/v6-m/nofp/crti.o
 .ARM.attributes
                0x0000001e       0x2c /usr/lib/gcc/arm-none-eabi/14.2.0/thumb/v6-m/nofp/crtbegin.o
 .ARM.attributes
                0x0000004a       0x2c CMakeFiles/eeprom_reset.dir/home/bowman/pico/dev/cv-pico-seq/eeprom_reset.cpp.o
 .ARM.attributes
                0x00000076       0x2c CMakeFiles/eeprom_reset.dir/home/bowman/pico/pico-sdk/src/rp2_common/hardware_gpio/gpio.c.o
 .ARM.attributes
                0x000000a2       0x2c CMakeFiles/eeprom_reset.dir/home/bowman/pico/pico-sdk/src/rp2040/pico_platform/platform.c.o
 .ARM.attributes
                0x000000ce       0x2c CMakeFiles/eeprom_reset.dir/home/bowman/pico/pico-sdk/src/rp2_common/pico_platform_panic/panic.c.o
 .ARM.attributes
                0x000000fa       0x2c CMakeFiles/eeprom_reset.dir/home/bowman/pico/pico-sdk/src/common/hardware_claim/claim.c.o
 .ARM.attributes
                0x00000126       0x2c CMakeFiles/eeprom_reset.dir/home/bowman/pico/pico-sdk/src/rp2_common/hardware_sync/sync.c.o
 .ARM.attributes
                0x00000152       0x2c CMakeFiles/eeprom_reset.dir/home/bowman/pico/pico-sdk/src/rp2_common/hardware_sync_spin_lock/sync_spin_lock.c.o
 .ARM.attributes
                0x0000017e       0x2c CMakeFiles/eeprom_reset.dir/home/bowman/pico/pico-sdk/src/rp2_common/hardware_irq/irq.c.o
 .ARM.attributes
                0x000001aa       0x22 CMakeFiles/eeprom_reset.dir/home/bowman/pico/pico-sdk/src/rp2_common/hardware_irq/irq_handler_chain.S.o
 .ARM.attributes
                0x000001cc       0x2c CMakeFiles/eeprom_reset.dir/home/bowman/pico/pico-sdk/src/common/pico_sync/lock_core.c.o
 .ARM.attributes
                0x000001f8       0x2c CMakeFiles/eeprom_reset.dir/home/bowman/pico/pico-sdk/src/common/pico_sync/mutex.c.o
 .ARM.attributes
                0x00000224       0x2c CMakeFiles/eeprom_reset.dir/home/bowman/pico/pico-sdk/src/common/pico_sync/critical_section.c.o
 .ARM.attributes
                0x00000250       0x2c CMakeFiles/eeprom_reset.dir/home/bowman/pico/pico-sdk/src/common/pico_time/time.c.o
 .ARM.attributes
                0x0000027c       0x2c CMakeFiles/eeprom_reset.dir/home/bowman/pico/pico-sdk/src/rp2_common/hardware_timer/timer.c.o
 .ARM.attributes
                0x000002a8       0x2c CMakeFiles/eeprom_reset.dir/home/bowman/pico/pico-sdk/src/rp2_common/hardware_clocks/clocks.c.o
 .ARM.attributes
                0x000002d4       0x2c CMakeFiles/eeprom_reset.dir/home/bowman/pico/pico-sdk/src/rp2_common/hardware_pll/pll.c.o
 .ARM.attributes
                0x00000300       0x2c CMakeFiles/eeprom_reset.dir/home/bowman/pico/pico-sdk/src/rp2_common/hardware_watchdog/watchdog.c.o
 .ARM.attributes
                0x0000032c       0x2c CMakeFiles/eeprom_reset.dir/home/bowman/pico/pico-sdk/src/rp2_common/hardware_ticks/ticks.c.o
 .ARM.attributes
                0x00000358       0x2c CMakeFiles/eeprom_reset.dir/home/bowman/pico/pico-sdk/src/rp2_common/pico_bootrom/bootrom.c.o
 .ARM.attributes
                0x00000384       0x2c CMakeFiles/eeprom_reset.dir/home/bowman/pico/pico-sdk/src/rp2_common/hardware_xosc/xosc.c.o
 .ARM.attributes
                0x000003b0       0x2c CMakeFiles/eeprom_reset.dir/home/bowman/pico/pico-sdk/src/rp2_common/pico_runtime/runtime.c.o
 .ARM.attributes
                0x000003dc       0x2c CMakeFiles/eeprom_reset.dir/home/bowman/pico/pico-sdk/src/rp2_common/pico_runtime_init/runtime_init.c.o
 .ARM.attributes
                0x00000408       0x2c CMakeFiles/eeprom_reset.dir/home/bowman/pico/pico-sdk/src/rp2_common/pico_runtime_init/runtime_init_clocks.c.o
 .ARM.attributes
                0x00000434       0x22 CMakeFiles/eeprom_reset.dir/home/bowman/pico/pico-sdk/src/rp2_common/pico_bit_ops/bit_ops_aeabi.S.o
 .ARM.attributes
                0x00000456       0x22 CMakeFiles/eeprom_reset.dir/home/bowman/pico/pico-sdk/src/rp2_common/pico_divider/divider_hardware.S.o
 .ARM.attributes
                0x00000478       0x22 CMakeFiles/eeprom_reset.dir/home/bowman/pico/pico-sdk/src/rp2_common/pico_double/double_aeabi_rp2040.S.o
 .ARM.attributes
                0x0000049a       0x2c CMakeFiles/eeprom_reset.dir/home/bowman/pico/pico-sdk/src/rp2_common/pico_double/double_init_rom_rp2040.c.o
 .ARM.attributes
                0x000004c6       0x22 CMakeFiles/eeprom_reset.dir/home/bowman/pico/pico-sdk/src/rp2_common/pico_double/double_v1_rom_shim_rp2040.S.o
 .ARM.attributes
                0x000004e8       0x22 CMakeFiles/eeprom_reset.dir/home/bowman/pico/pico-sdk/src/rp2_common/pico_int64_ops/pico_int64_ops_aeabi.S.o
 .ARM.attributes